[ +280 ms] Artifact Instance of 'MaterialFonts' is not required, skipping update.
[   +1 ms] Artifact Instance of 'GradleWrapper' is not required, skipping update.
[        ] Artifact Instance of 'AndroidGenSnapshotArtifacts' is not required, skipping update.
[        ] Artifact Instance of 'AndroidInternalBuildArtifacts' is not required, skipping update.
[        ] Artifact Instance of 'IOSEngineArtifacts' is not required, skipping update.
[        ] Artifact Instance of 'FlutterWebSdk' is not required, skipping update.
[   +2 ms] Artifact Instance of 'LegacyCanvasKitRemover' is not required, skipping update.
[        ] Artifact Instance of 'FlutterSdk' is not required, skipping update.
[        ] Artifact Instance of 'WindowsEngineArtifacts' is not required, skipping update.
[        ] Artifact Instance of 'MacOSEngineArtifacts' is not required, skipping update.
[        ] Artifact Instance of 'LinuxEngineArtifacts' is not required, skipping update.
[        ] Artifact Instance of 'LinuxFuchsiaSDKArtifacts' is not required, skipping update.
[        ] Artifact Instance of 'MacOSFuchsiaSDKArtifacts' is not required, skipping update.
[        ] Artifact Instance of 'FlutterRunnerSDKArtifacts' is not required, skipping update.
[        ] Artifact Instance of 'FlutterRunnerDebugSymbols' is not required, skipping update.
[        ] Artifact Instance of 'IosUsbArtifacts' is not required, skipping update.
[        ] Artifact Instance of 'IosUsbArtifacts' is not required, skipping update.
[        ] Artifact Instance of 'IosUsbArtifacts' is not required, skipping update.
[        ] Artifact Instance of 'IosUsbArtifacts' is not required, skipping update.
[        ] Artifact Instance of 'IosUsbArtifacts' is not required, skipping update.
[        ] Artifact Instance of 'IosUsbArtifacts' is not required, skipping update.
[        ] Artifact Instance of 'FontSubsetArtifacts' is not required, skipping update.
[        ] Artifact Instance of 'PubDependencies' is not required, skipping update.
[   +1 ms] executing: [C:\flutter/] git -c log.showSignature=false log HEAD -n 1 --pretty=format:%ad --date=iso
[ +150 ms] Exit code 0 from: git -c log.showSignature=false log HEAD -n 1 --pretty=format:%ad --date=iso
[        ] 2025-12-03 14:56:10 -0800
[  +20 ms] Artifact Instance of 'AndroidGenSnapshotArtifacts' is not required, skipping update.
[        ] Artifact Instance of 'AndroidInternalBuildArtifacts' is not required, skipping update.
[        ] Artifact Instance of 'IOSEngineArtifacts' is not required, skipping update.
[        ] Artifact Instance of 'FlutterWebSdk' is not required, skipping update.
[        ] Artifact Instance of 'FlutterEngineStamp' is not required, skipping update.
[        ] Artifact Instance of 'LegacyCanvasKitRemover' is not required, skipping update.
[   +4 ms] Artifact Instance of 'WindowsEngineArtifacts' is not required, skipping update.
[        ] Artifact Instance of 'MacOSEngineArtifacts' is not required, skipping update.
[        ] Artifact Instance of 'LinuxEngineArtifacts' is not required, skipping update.
[        ] Artifact Instance of 'LinuxFuchsiaSDKArtifacts' is not required, skipping update.
[        ] Artifact Instance of 'MacOSFuchsiaSDKArtifacts' is not required, skipping update.
[        ] Artifact Instance of 'FlutterRunnerSDKArtifacts' is not required, skipping update.
[        ] Artifact Instance of 'FlutterRunnerDebugSymbols' is not required, skipping update.
[ +111 ms] Artifact Instance of 'MaterialFonts' is not required, skipping update.
[        ] Artifact Instance of 'GradleWrapper' is not required, skipping update.
[   +4 ms] Artifact Instance of 'AndroidInternalBuildArtifacts' is not required, skipping update.
[        ] Artifact Instance of 'IOSEngineArtifacts' is not required, skipping update.
[        ] Artifact Instance of 'FlutterWebSdk' is not required, skipping update.
[        ] Artifact Instance of 'FlutterEngineStamp' is not required, skipping update.
[        ] Artifact Instance of 'LegacyCanvasKitRemover' is not required, skipping update.
[        ] Artifact Instance of 'FlutterSdk' is not required, skipping update.
[        ] Artifact Instance of 'WindowsEngineArtifacts' is not required, skipping update.
[        ] Artifact Instance of 'MacOSEngineArtifacts' is not required, skipping update.
[        ] Artifact Instance of 'LinuxEngineArtifacts' is not required, skipping update.
[        ] Artifact Instance of 'LinuxFuchsiaSDKArtifacts' is not required, skipping update.
[        ] Artifact Instance of 'MacOSFuchsiaSDKArtifacts' is not required, skipping update.
[        ] Artifact Instance of 'FlutterRunnerSDKArtifacts' is not required, skipping update.
[        ] Artifact Instance of 'FlutterRunnerDebugSymbols' is not required, skipping update.
[        ] Artifact Instance of 'IosUsbArtifacts' is not required, skipping update.
[        ] Artifact Instance of 'IosUsbArtifacts' is not required, skipping update.
[        ] Artifact Instance of 'IosUsbArtifacts' is not required, skipping update.
[        ] Artifact Instance of 'IosUsbArtifacts' is not required, skipping update.
[        ] Artifact Instance of 'IosUsbArtifacts' is not required, skipping update.
[        ] Artifact Instance of 'IosUsbArtifacts' is not required, skipping update.
[        ] Artifact Instance of 'FontSubsetArtifacts' is not required, skipping update.
[        ] Artifact Instance of 'PubDependencies' is not required, skipping update.
[  +91 ms] Skipping pub get: version match.
[ +216 ms] Found plugin flutter_inappwebview at C:\Users\0ooom\AppData\Local\Pub\Cache\hosted\pub.dev\flutter_inappwebview-6.1.5\
[   +8 ms] Found plugin flutter_inappwebview_windows at C:\Users\0ooom\AppData\Local\Pub\Cache\hosted\pub.dev\flutter_inappwebview_windows-0.6.0\
[  +10 ms] Found plugin flutter_inappwebview_web at C:\Users\0ooom\AppData\Local\Pub\Cache\hosted\pub.dev\flutter_inappwebview_web-1.1.2\
[   +6 ms] Found plugin flutter_inappwebview_macos at C:\Users\0ooom\AppData\Local\Pub\Cache\hosted\pub.dev\flutter_inappwebview_macos-1.1.2\
[   +4 ms] Found plugin flutter_inappwebview_ios at C:\Users\0ooom\AppData\Local\Pub\Cache\hosted\pub.dev\flutter_inappwebview_ios-1.1.2\
[   +4 ms] Found plugin flutter_inappwebview_android at C:\Users\0ooom\AppData\Local\Pub\Cache\hosted\pub.dev\flutter_inappwebview_android-1.1.3\
[   +7 ms] Found plugin video_player at C:\Users\0ooom\AppData\Local\Pub\Cache\hosted\pub.dev\video_player-2.10.1\
[   +2 ms] Found plugin video_player_web at C:\Users\0ooom\AppData\Local\Pub\Cache\hosted\pub.dev\video_player_web-2.4.0\
[   +3 ms] Found plugin video_player_avfoundation at C:\Users\0ooom\AppData\Local\Pub\Cache\hosted\pub.dev\video_player_avfoundation-2.8.8\
[   +2 ms] Found plugin video_player_android at C:\Users\0ooom\AppData\Local\Pub\Cache\hosted\pub.dev\video_player_android-2.8.21\
[   +9 ms] Found plugin url_launcher at C:\Users\0ooom\AppData\Local\Pub\Cache\hosted\pub.dev\url_launcher-6.3.2\
[   +2 ms] Found plugin url_launcher_windows at C:\Users\0ooom\AppData\Local\Pub\Cache\hosted\pub.dev\url_launcher_windows-3.1.5\
[   +5 ms] Found plugin url_launcher_web at C:\Users\0ooom\AppData\Local\Pub\Cache\hosted\pub.dev\url_launcher_web-2.4.1\
[   +2 ms] Found plugin url_launcher_macos at C:\Users\0ooom\AppData\Local\Pub\Cache\hosted\pub.dev\url_launcher_macos-3.2.5\
[   +2 ms] Found plugin url_launcher_linux at C:\Users\0ooom\AppData\Local\Pub\Cache\hosted\pub.dev\url_launcher_linux-3.2.2\
[   +2 ms] Found plugin url_launcher_ios at C:\Users\0ooom\AppData\Local\Pub\Cache\hosted\pub.dev\url_launcher_ios-6.3.6\
[   +2 ms] Found plugin url_launcher_android at C:\Users\0ooom\AppData\Local\Pub\Cache\hosted\pub.dev\url_launcher_android-6.3.28\
[  +21 ms] Found plugin shared_preferences at C:\Users\0ooom\AppData\Local\Pub\Cache\hosted\pub.dev\shared_preferences-2.5.3\
[   +2 ms] Found plugin shared_preferences_windows at C:\Users\0ooom\AppData\Local\Pub\Cache\hosted\pub.dev\shared_preferences_windows-2.4.1\
[   +3 ms] Found plugin path_provider_windows at C:\Users\0ooom\AppData\Local\Pub\Cache\hosted\pub.dev\path_provider_windows-2.3.0\
[   +6 ms] Found plugin shared_preferences_web at C:\Users\0ooom\AppData\Local\Pub\Cache\hosted\pub.dev\shared_preferences_web-2.4.3\
[   +2 ms] Found plugin shared_preferences_linux at C:\Users\0ooom\AppData\Local\Pub\Cache\hosted\pub.dev\shared_preferences_linux-2.4.1\
[   +3 ms] Found plugin path_provider_linux at C:\Users\0ooom\AppData\Local\Pub\Cache\hosted\pub.dev\path_provider_linux-2.2.1\
[   +4 ms] Found plugin shared_preferences_foundation at C:\Users\0ooom\AppData\Local\Pub\Cache\hosted\pub.dev\shared_preferences_foundation-2.5.6\
[   +3 ms] Found plugin shared_preferences_android at C:\Users\0ooom\AppData\Local\Pub\Cache\hosted\pub.dev\shared_preferences_android-2.4.17\
[   +2 ms] Found plugin path_provider at C:\Users\0ooom\AppData\Local\Pub\Cache\hosted\pub.dev\path_provider-2.1.5\
[   +3 ms] Found plugin path_provider_foundation at C:\Users\0ooom\AppData\Local\Pub\Cache\hosted\pub.dev\path_provider_foundation-2.5.1\
[   +2 ms] Found plugin path_provider_android at C:\Users\0ooom\AppData\Local\Pub\Cache\hosted\pub.dev\path_provider_android-2.2.22\
[   +2 ms] Found plugin app_links at C:\Users\0ooom\AppData\Local\Pub\Cache\hosted\pub.dev\app_links-6.4.1\
[   +2 ms] Found plugin app_links_web at C:\Users\0ooom\AppData\Local\Pub\Cache\hosted\pub.dev\app_links_web-1.0.4\
[   +3 ms] Found plugin app_links_linux at C:\Users\0ooom\AppData\Local\Pub\Cache\hosted\pub.dev\app_links_linux-1.0.3\
[   +2 ms] Found plugin gtk at C:\Users\0ooom\AppData\Local\Pub\Cache\hosted\pub.dev\gtk-2.1.0\
[   +7 ms] Found plugin kiosk_mode at C:\Users\0ooom\AppData\Local\Pub\Cache\hosted\pub.dev\kiosk_mode-0.7.0+1\
[   +1 ms] Found plugin google_mlkit_pose_detection at C:\Users\0ooom\AppData\Local\Pub\Cache\hosted\pub.dev\google_mlkit_pose_detection-0.10.0\
[   +2 ms] Found plugin google_mlkit_commons at C:\Users\0ooom\AppData\Local\Pub\Cache\hosted\pub.dev\google_mlkit_commons-0.6.1\
[  +19 ms] Found plugin babstrap_settings_screen at C:\Users\0ooom\AppData\Local\Pub\Cache\hosted\pub.dev\babstrap_settings_screen-0.1.7\
[ +148 ms] Found plugin flutter_inappwebview at C:\Users\0ooom\AppData\Local\Pub\Cache\hosted\pub.dev\flutter_inappwebview-6.1.5\
[   +1 ms] Found plugin flutter_inappwebview_windows at C:\Users\0ooom\AppData\Local\Pub\Cache\hosted\pub.dev\flutter_inappwebview_windows-0.6.0\
[   +6 ms] Found plugin flutter_inappwebview_web at C:\Users\0ooom\AppData\Local\Pub\Cache\hosted\pub.dev\flutter_inappwebview_web-1.1.2\
[   +2 ms] Found plugin flutter_inappwebview_macos at C:\Users\0ooom\AppData\Local\Pub\Cache\hosted\pub.dev\flutter_inappwebview_macos-1.1.2\
[   +2 ms] Found plugin flutter_inappwebview_ios at C:\Users\0ooom\AppData\Local\Pub\Cache\hosted\pub.dev\flutter_inappwebview_ios-1.1.2\
[   +2 ms] Found plugin flutter_inappwebview_android at C:\Users\0ooom\AppData\Local\Pub\Cache\hosted\pub.dev\flutter_inappwebview_android-1.1.3\
[   +1 ms] Found plugin video_player at C:\Users\0ooom\AppData\Local\Pub\Cache\hosted\pub.dev\video_player-2.10.1\
[   +1 ms] Found plugin video_player_web at C:\Users\0ooom\AppData\Local\Pub\Cache\hosted\pub.dev\video_player_web-2.4.0\
[   +3 ms] Found plugin video_player_avfoundation at C:\Users\0ooom\AppData\Local\Pub\Cache\hosted\pub.dev\video_player_avfoundation-2.8.8\
[   +1 ms] Found plugin video_player_android at C:\Users\0ooom\AppData\Local\Pub\Cache\hosted\pub.dev\video_player_android-2.8.21\
[   +7 ms] Found plugin url_launcher at C:\Users\0ooom\AppData\Local\Pub\Cache\hosted\pub.dev\url_launcher-6.3.2\
[   +1 ms] Found plugin url_launcher_windows at C:\Users\0ooom\AppData\Local\Pub\Cache\hosted\pub.dev\url_launcher_windows-3.1.5\
[   +5 ms] Found plugin url_launcher_web at C:\Users\0ooom\AppData\Local\Pub\Cache\hosted\pub.dev\url_launcher_web-2.4.1\
[   +2 ms] Found plugin url_launcher_macos at C:\Users\0ooom\AppData\Local\Pub\Cache\hosted\pub.dev\url_launcher_macos-3.2.5\
[   +2 ms] Found plugin url_launcher_linux at C:\Users\0ooom\AppData\Local\Pub\Cache\hosted\pub.dev\url_launcher_linux-3.2.2\
[   +1 ms] Found plugin url_launcher_ios at C:\Users\0ooom\AppData\Local\Pub\Cache\hosted\pub.dev\url_launcher_ios-6.3.6\
[   +1 ms] Found plugin url_launcher_android at C:\Users\0ooom\AppData\Local\Pub\Cache\hosted\pub.dev\url_launcher_android-6.3.28\
[  +16 ms] Found plugin shared_preferences at C:\Users\0ooom\AppData\Local\Pub\Cache\hosted\pub.dev\shared_preferences-2.5.3\
[   +1 ms] Found plugin shared_preferences_windows at C:\Users\0ooom\AppData\Local\Pub\Cache\hosted\pub.dev\shared_preferences_windows-2.4.1\
[   +2 ms] Found plugin path_provider_windows at C:\Users\0ooom\AppData\Local\Pub\Cache\hosted\pub.dev\path_provider_windows-2.3.0\
[   +5 ms] Found plugin shared_preferences_web at C:\Users\0ooom\AppData\Local\Pub\Cache\hosted\pub.dev\shared_preferences_web-2.4.3\
[   +1 ms] Found plugin shared_preferences_linux at C:\Users\0ooom\AppData\Local\Pub\Cache\hosted\pub.dev\shared_preferences_linux-2.4.1\
[   +1 ms] Found plugin path_provider_linux at C:\Users\0ooom\AppData\Local\Pub\Cache\hosted\pub.dev\path_provider_linux-2.2.1\
[   +2 ms] Found plugin shared_preferences_foundation at C:\Users\0ooom\AppData\Local\Pub\Cache\hosted\pub.dev\shared_preferences_foundation-2.5.6\
[   +2 ms] Found plugin shared_preferences_android at C:\Users\0ooom\AppData\Local\Pub\Cache\hosted\pub.dev\shared_preferences_android-2.4.17\
[   +2 ms] Found plugin path_provider at C:\Users\0ooom\AppData\Local\Pub\Cache\hosted\pub.dev\path_provider-2.1.5\
[   +2 ms] Found plugin path_provider_foundation at C:\Users\0ooom\AppData\Local\Pub\Cache\hosted\pub.dev\path_provider_foundation-2.5.1\
[   +1 ms] Found plugin path_provider_android at C:\Users\0ooom\AppData\Local\Pub\Cache\hosted\pub.dev\path_provider_android-2.2.22\
[   +1 ms] Found plugin app_links at C:\Users\0ooom\AppData\Local\Pub\Cache\hosted\pub.dev\app_links-6.4.1\
[   +2 ms] Found plugin app_links_web at C:\Users\0ooom\AppData\Local\Pub\Cache\hosted\pub.dev\app_links_web-1.0.4\
[   +2 ms] Found plugin app_links_linux at C:\Users\0ooom\AppData\Local\Pub\Cache\hosted\pub.dev\app_links_linux-1.0.3\
[   +1 ms] Found plugin gtk at C:\Users\0ooom\AppData\Local\Pub\Cache\hosted\pub.dev\gtk-2.1.0\
[   +6 ms] Found plugin kiosk_mode at C:\Users\0ooom\AppData\Local\Pub\Cache\hosted\pub.dev\kiosk_mode-0.7.0+1\
[   +1 ms] Found plugin google_mlkit_pose_detection at C:\Users\0ooom\AppData\Local\Pub\Cache\hosted\pub.dev\google_mlkit_pose_detection-0.10.0\
[   +1 ms] Found plugin google_mlkit_commons at C:\Users\0ooom\AppData\Local\Pub\Cache\hosted\pub.dev\google_mlkit_commons-0.6.1\
[  +15 ms] Found plugin babstrap_settings_screen at C:\Users\0ooom\AppData\Local\Pub\Cache\hosted\pub.dev\babstrap_settings_screen-0.1.7\
[  +17 ms] Skipping generating web_plugin_registrant.dart because it is up-to-date.
[ +109 ms] Found plugin flutter_inappwebview at C:\Users\0ooom\AppData\Local\Pub\Cache\hosted\pub.dev\flutter_inappwebview-6.1.5\
[   +1 ms] Found plugin flutter_inappwebview_windows at C:\Users\0ooom\AppData\Local\Pub\Cache\hosted\pub.dev\flutter_inappwebview_windows-0.6.0\
[   +4 ms] Found plugin flutter_inappwebview_web at C:\Users\0ooom\AppData\Local\Pub\Cache\hosted\pub.dev\flutter_inappwebview_web-1.1.2\
[   +2 ms] Found plugin flutter_inappwebview_macos at C:\Users\0ooom\AppData\Local\Pub\Cache\hosted\pub.dev\flutter_inappwebview_macos-1.1.2\
[   +2 ms] Found plugin flutter_inappwebview_ios at C:\Users\0ooom\AppData\Local\Pub\Cache\hosted\pub.dev\flutter_inappwebview_ios-1.1.2\
[   +1 ms] Found plugin flutter_inappwebview_android at C:\Users\0ooom\AppData\Local\Pub\Cache\hosted\pub.dev\flutter_inappwebview_android-1.1.3\
[   +1 ms] Found plugin video_player at C:\Users\0ooom\AppData\Local\Pub\Cache\hosted\pub.dev\video_player-2.10.1\
[   +1 ms] Found plugin video_player_web at C:\Users\0ooom\AppData\Local\Pub\Cache\hosted\pub.dev\video_player_web-2.4.0\
[   +3 ms] Found plugin video_player_avfoundation at C:\Users\0ooom\AppData\Local\Pub\Cache\hosted\pub.dev\video_player_avfoundation-2.8.8\
[   +1 ms] Found plugin video_player_android at C:\Users\0ooom\AppData\Local\Pub\Cache\hosted\pub.dev\video_player_android-2.8.21\
[   +6 ms] Found plugin url_launcher at C:\Users\0ooom\AppData\Local\Pub\Cache\hosted\pub.dev\url_launcher-6.3.2\
[   +1 ms] Found plugin url_launcher_windows at C:\Users\0ooom\AppData\Local\Pub\Cache\hosted\pub.dev\url_launcher_windows-3.1.5\
[   +2 ms] Found plugin url_launcher_web at C:\Users\0ooom\AppData\Local\Pub\Cache\hosted\pub.dev\url_launcher_web-2.4.1\
[   +3 ms] Found plugin url_launcher_macos at C:\Users\0ooom\AppData\Local\Pub\Cache\hosted\pub.dev\url_launcher_macos-3.2.5\
[   +1 ms] Found plugin url_launcher_linux at C:\Users\0ooom\AppData\Local\Pub\Cache\hosted\pub.dev\url_launcher_linux-3.2.2\
[   +1 ms] Found plugin url_launcher_ios at C:\Users\0ooom\AppData\Local\Pub\Cache\hosted\pub.dev\url_launcher_ios-6.3.6\
[   +1 ms] Found plugin url_launcher_android at C:\Users\0ooom\AppData\Local\Pub\Cache\hosted\pub.dev\url_launcher_android-6.3.28\
[  +15 ms] Found plugin shared_preferences at C:\Users\0ooom\AppData\Local\Pub\Cache\hosted\pub.dev\shared_preferences-2.5.3\
[   +1 ms] Found plugin shared_preferences_windows at C:\Users\0ooom\AppData\Local\Pub\Cache\hosted\pub.dev\shared_preferences_windows-2.4.1\
[   +2 ms] Found plugin path_provider_windows at C:\Users\0ooom\AppData\Local\Pub\Cache\hosted\pub.dev\path_provider_windows-2.3.0\
[   +4 ms] Found plugin shared_preferences_web at C:\Users\0ooom\AppData\Local\Pub\Cache\hosted\pub.dev\shared_preferences_web-2.4.3\
[   +2 ms] Found plugin shared_preferences_linux at C:\Users\0ooom\AppData\Local\Pub\Cache\hosted\pub.dev\shared_preferences_linux-2.4.1\
[   +1 ms] Found plugin path_provider_linux at C:\Users\0ooom\AppData\Local\Pub\Cache\hosted\pub.dev\path_provider_linux-2.2.1\
[   +2 ms] Found plugin shared_preferences_foundation at C:\Users\0ooom\AppData\Local\Pub\Cache\hosted\pub.dev\shared_preferences_foundation-2.5.6\
[   +1 ms] Found plugin shared_preferences_android at C:\Users\0ooom\AppData\Local\Pub\Cache\hosted\pub.dev\shared_preferences_android-2.4.17\
[   +1 ms] Found plugin path_provider at C:\Users\0ooom\AppData\Local\Pub\Cache\hosted\pub.dev\path_provider-2.1.5\
[   +1 ms] Found plugin path_provider_foundation at C:\Users\0ooom\AppData\Local\Pub\Cache\hosted\pub.dev\path_provider_foundation-2.5.1\
[   +1 ms] Found plugin path_provider_android at C:\Users\0ooom\AppData\Local\Pub\Cache\hosted\pub.dev\path_provider_android-2.2.22\
[   +1 ms] Found plugin app_links at C:\Users\0ooom\AppData\Local\Pub\Cache\hosted\pub.dev\app_links-6.4.1\
[   +1 ms] Found plugin app_links_web at C:\Users\0ooom\AppData\Local\Pub\Cache\hosted\pub.dev\app_links_web-1.0.4\
[   +2 ms] Found plugin app_links_linux at C:\Users\0ooom\AppData\Local\Pub\Cache\hosted\pub.dev\app_links_linux-1.0.3\
[   +1 ms] Found plugin gtk at C:\Users\0ooom\AppData\Local\Pub\Cache\hosted\pub.dev\gtk-2.1.0\
[   +5 ms] Found plugin kiosk_mode at C:\Users\0ooom\AppData\Local\Pub\Cache\hosted\pub.dev\kiosk_mode-0.7.0+1\
[   +1 ms] Found plugin google_mlkit_pose_detection at C:\Users\0ooom\AppData\Local\Pub\Cache\hosted\pub.dev\google_mlkit_pose_detection-0.10.0\
[   +1 ms] Found plugin google_mlkit_commons at C:\Users\0ooom\AppData\Local\Pub\Cache\hosted\pub.dev\google_mlkit_commons-0.6.1\
[  +14 ms] Found plugin babstrap_settings_screen at C:\Users\0ooom\AppData\Local\Pub\Cache\hosted\pub.dev\babstrap_settings_screen-0.1.7\
[   +9 ms] Generating C:\Users\0ooom\Desktop\la3bob\android\app\src\main\java\io\flutter\plugins\GeneratedPluginRegistrant.java
[   +2 ms] Skipping generating GeneratedPluginRegistrant.java because it is up-to-date.
[   +8 ms] Skipping generating generated_plugin_registrant.h because it is up-to-date.
[   +2 ms] Skipping generating generated_plugin_registrant.cc because it is up-to-date.
[   +2 ms] Skipping generating generated_plugins.cmake because it is up-to-date.
[   +4 ms] Skipping generating generated_plugin_registrant.h because it is up-to-date.
[   +2 ms] Skipping generating generated_plugin_registrant.cc because it is up-to-date.
[   +3 ms] Skipping generating generated_plugins.cmake because it is up-to-date.
[   +3 ms] Skipping generating GeneratedPluginRegistrant.h because it is up-to-date.
[   +2 ms] Skipping generating GeneratedPluginRegistrant.m because it is up-to-date.
[   +2 ms] Skipping generating GeneratedPluginRegistrant.swift because it is up-to-date.
[ +159 ms] executing: O:\Android Studio\jbr\bin\java -version
[ +236 ms] Exit code 0 from: O:\Android Studio\jbr\bin\java -version
[        ] openjdk version "17.0.6" 2023-01-17
           OpenJDK Runtime Environment (build 17.0.6+0-b2043.56-10027231)
           OpenJDK 64-Bit Server VM (build 17.0.6+0-b2043.56-10027231, mixed mode)
[  +13 ms] Top-level Gradle build file not found, skipping migration of task "clean".
[   +3 ms] executing: O:\Android Studio\jbr\bin\java --version
[ +197 ms] Exit code 0 from: O:\Android Studio\jbr\bin\java --version
[        ] openjdk 17.0.6 2023-01-17
           OpenJDK Runtime Environment (build 17.0.6+0-b2043.56-10027231)
           OpenJDK 64-Bit Server VM (build 17.0.6+0-b2043.56-10027231, mixed mode)
[  +25 ms] CMake project not found, skipping support Android 15 16k page size migration.
[   +5 ms] Using gradle from C:\Users\0ooom\Desktop\la3bob\android\gradlew.bat.
[  +19 ms] LocalFile: 'C:\Users\0ooom\Desktop\la3bob\android\build.gradle.kts' doesn't provide an AGP version. Checking settings.
[   +3 ms] LocalFile: 'C:\Users\0ooom\Desktop\la3bob\android\settings.gradle.kts' provides AGP version: 8.9.1
[  +21 ms] Running Gradle task 'assembleDebug'...
[   +1 ms] executing: [C:\Users\0ooom\Desktop\la3bob\android/] C:\Users\0ooom\Desktop\la3bob\android\gradlew.bat --full-stacktrace --info -Pverbose=true -Ptarget-platform=android-arm,android-arm64,android-x64 -Ptarget=lib\main.dart -Pbase-application-name=android.app.Application -Pdart-defines=RkxVVFRFUl9WRVJTSU9OPTMuMzguNA==,RkxVVFRFUl9DSEFOTkVMPXN0YWJsZQ==,RkxVVFRFUl9HSVRfVVJMPWh0dHBzOi8vZ2l0aHViLmNvbS9mbHV0dGVyL2ZsdXR0ZXIuZ2l0,RkxVVFRFUl9GUkFNRVdPUktfUkVWSVNJT049NjZkZDkzZjlhMg==,RkxVVFRFUl9FTkdJTkVfUkVWSVNJT049YTVjYjk2MzY5ZQ==,RkxVVFRFUl9EQVJUX1ZFUlNJT049My4xMC4z -Pdart-obfuscation=false -Ptrack-widget-creation=true -Ptree-shake-icons=false assembleDebug
[+1292 ms] Initialized native services in: C:\Users\0ooom\.gradle\native
[   +1 ms] Initialized jansi services in: C:\Users\0ooom\.gradle\native
[ +920 ms] The client will now receive all logging from the daemon (pid: 14572). The daemon log file: C:\Users\0ooom\.gradle\daemon\8.12\daemon-14572.out.log
[        ] Starting 9th build in daemon [uptime: 13 mins 56.723 secs, performance: 100%, GC rate: 0.00/s, heap usage: 0% of 8 GiB, non-heap usage: 2% of 4 GiB]
[        ] Using 12 worker leases.
[        ] Now considering [C:\Users\0ooom\Desktop\la3bob\android, C:\flutter\packages\flutter_tools\gradle] as hierarchies to watch
[        ] Watching the file system is configured to be enabled if available
[        ] File system watching is active
[        ] Starting Build
[  +86 ms] Now considering [C:\flutter\packages\flutter_tools\gradle, C:\Users\0ooom\Desktop\la3bob\android] as hierarchies to watch
[ +115 ms] > Configure project :gradle
[        ] Evaluating project ':gradle' using build file 'C:\flutter\packages\flutter_tools\gradle\build.gradle.kts'.
[        ] Resolved plugin [id: 'org.gradle.java-gradle-plugin']
[        ] Resolved plugin [id: 'org.gradle.groovy']
[        ] Resolved plugin [id: 'org.gradle.kotlin.kotlin-dsl', version: '5.1.2']
[        ] Resolved plugin [id: 'org.jetbrains.kotlin.jvm', version: '1.9.20']
[        ] Using Kotlin Gradle Plugin gradle85 variant
[        ] kotlin scripting plugin: created the scripting discovery configuration: kotlinScriptDef
[        ] kotlin scripting plugin: created the scripting discovery configuration: testKotlinScriptDef
[        ] file or directory 'C:\flutter\packages\flutter_tools\gradle\src\main\java', not found
[        ] Resolved plugin [id: 'dev.flutter.flutter-plugin-loader', version: '1.0.0']
[        ] Resolved plugin [id: 'com.android.application', version: '8.9.1', apply: false]
[        ] Resolved plugin [id: 'org.jetbrains.kotlin.android', version: '2.1.0', apply: false]
[  +88 ms] Resolve mutations for :gradle:checkKotlinGradlePluginConfigurationErrors (Thread[Execution worker,5,main]) started.
[        ] :gradle:checkKotlinGradlePluginConfigurationErrors (Thread[Execution worker,5,main]) started.
[        ] > Task :gradle:checkKotlinGradlePluginConfigurationErrors SKIPPED
[        ] Skipping task ':gradle:checkKotlinGradlePluginConfigurationErrors' as task onlyIf 'errorDiagnostics are present' is false.
[        ] Resolve mutations for :gradle:compileKotlin (Thread[Execution worker,5,main]) started.
[        ] :gradle:compileKotlin (Thread[Execution worker,5,main]) started.
[  +92 ms] > Task :gradle:compileKotlin UP-TO-DATE
[        ] Caching disabled for task ':gradle:compileKotlin' because:
[        ]   Build cache is disabled
[        ] Skipping task ':gradle:compileKotlin' as it is up-to-date.
[        ] Resolve mutations for :gradle:compileJava (Thread[Execution worker,5,main]) started.
[        ] :gradle:compileJava (Thread[Execution worker,5,main]) started.
[        ] > Task :gradle:compileJava NO-SOURCE
[        ] Skipping task ':gradle:compileJava' as it has no source files and no previous output files.
[        ] Resolve mutations for :gradle:compileGroovy (Thread[Execution worker,5,main]) started.
[        ] :gradle:compileGroovy (Thread[Execution worker,5,main]) started.
[        ] > Task :gradle:compileGroovy NO-SOURCE
[        ] Skipping task ':gradle:compileGroovy' as it has no source files and no previous output files.
[        ] Resolve mutations for :gradle:pluginDescriptors (Thread[Execution worker,5,main]) started.
[        ] :gradle:pluginDescriptors (Thread[Execution worker,5,main]) started.
[        ] > Task :gradle:pluginDescriptors UP-TO-DATE
[        ] Caching disabled for task ':gradle:pluginDescriptors' because:
[        ]   Build cache is disabled
[        ]   Not worth caching
[        ] Skipping task ':gradle:pluginDescriptors' as it is up-to-date.
[        ] Resolve mutations for :gradle:processResources (Thread[Execution worker,5,main]) started.
[        ] :gradle:processResources (Thread[Execution worker,5,main]) started.
[        ] > Task :gradle:processResources UP-TO-DATE
[        ] Caching disabled for task ':gradle:processResources' because:
[        ]   Build cache is disabled
[        ]   Not worth caching
[        ] Skipping task ':gradle:processResources' as it is up-to-date.
[        ] Resolve mutations for :gradle:classes (Thread[Execution worker,5,main]) started.
[        ] :gradle:classes (Thread[Execution worker,5,main]) started.
[        ] > Task :gradle:classes UP-TO-DATE
[        ] Skipping task ':gradle:classes' as it has no actions.
[        ] Resolve mutations for :gradle:jar (Thread[Execution worker,5,main]) started.
[        ] :gradle:jar (Thread[Execution worker,5,main]) started.
[        ] > Task :gradle:jar UP-TO-DATE
[        ] Caching disabled for task ':gradle:jar' because:
[        ]   Build cache is disabled
[        ]   Not worth caching
[        ] Skipping task ':gradle:jar' as it is up-to-date.
[ +193 ms] Settings evaluated using settings file 'C:\Users\0ooom\Desktop\la3bob\android\settings.gradle.kts'.
[        ] Projects loaded. Root project using build file 'C:\Users\0ooom\Desktop\la3bob\android\build.gradle.kts'.
[        ] Included projects: [root project 'android', project ':app', project ':app_links', project ':babstrap_settings_screen', project ':flutter_inappwebview_android', project ':google_mlkit_commons', project ':google_mlkit_pose_detection', project ':kiosk_mode', project ':path_provider_android', project ':shared_preferences_android', project ':url_launcher_android', project ':video_player_android']
[ +296 ms] > Configure project :app
[        ] Evaluating project ':app' using build file 'C:\Users\0ooom\Desktop\la3bob\android\app\build.gradle.kts'.
[        ] Resolved plugin [id: 'com.android.application']
[        ] Resolved plugin [id: 'kotlin-android']
[        ] Resolved plugin [id: 'dev.flutter.flutter-gradle-plugin']
[        ] Using default execution profile
[        ] Using Kotlin Gradle Plugin gradle85 variant
[        ] C/C++: android.ndkVersion from module build.gradle is [28.2.13676358]
[        ] C/C++: android.ndkPath from module build.gradle is not set
[        ] C/C++: ndk.dir in local.properties is not set
[        ] C/C++: Not considering ANDROID_NDK_HOME because support was removed after deprecation period.
[        ] C/C++: sdkFolder is C:\Users\0ooom\AppData\Local\Android\sdk
[        ] C/C++: android.ndkVersion from module build.gradle is [28.2.13676358]
[        ] C/C++: android.ndkPath from module build.gradle is not set
[        ] C/C++: ndk.dir in local.properties is not set
[        ] C/C++: Not considering ANDROID_NDK_HOME because support was removed after deprecation period.
[        ] C/C++: sdkFolder is C:\Users\0ooom\AppData\Local\Android\sdk
[        ] C/C++: android.ndkVersion from module build.gradle is [28.2.13676358]
[        ] C/C++: android.ndkPath from module build.gradle is not set
[        ] C/C++: ndk.dir in local.properties is not set
[        ] C/C++: Not considering ANDROID_NDK_HOME because support was removed after deprecation period.
[        ] C/C++: sdkFolder is C:\Users\0ooom\AppData\Local\Android\sdk
[        ] C/C++: android.ndkVersion from module build.gradle is [28.2.13676358]
[        ] C/C++: android.ndkPath from module build.gradle is not set
[        ] C/C++: ndk.dir in local.properties is not set
[        ] C/C++: Not considering ANDROID_NDK_HOME because support was removed after deprecation period.
[        ] C/C++: sdkFolder is C:\Users\0ooom\AppData\Local\Android\sdk
[        ] C/C++: android.ndkVersion from module build.gradle is [28.2.13676358]
[        ] C/C++: android.ndkPath from module build.gradle is not set
[        ] C/C++: ndk.dir in local.properties is not set
[        ] C/C++: Not considering ANDROID_NDK_HOME because support was removed after deprecation period.
[        ] C/C++: sdkFolder is C:\Users\0ooom\AppData\Local\Android\sdk
[   +1 ms] C/C++: android.ndkVersion from module build.gradle is [28.2.13676358]
[        ] C/C++: android.ndkPath from module build.gradle is not set
[        ] C/C++: ndk.dir in local.properties is not set
[        ] C/C++: Not considering ANDROID_NDK_HOME because support was removed after deprecation period.
[        ] C/C++: sdkFolder is C:\Users\0ooom\AppData\Local\Android\sdk
[        ] C/C++: android.ndkVersion from module build.gradle is [28.2.13676358]
[        ] C/C++: android.ndkPath from module build.gradle is not set
[        ] C/C++: ndk.dir in local.properties is not set
[        ] C/C++: Not considering ANDROID_NDK_HOME because support was removed after deprecation period.
[        ] C/C++: sdkFolder is C:\Users\0ooom\AppData\Local\Android\sdk
[        ] C/C++: android.ndkVersion from module build.gradle is [28.2.13676358]
[        ] C/C++: android.ndkPath from module build.gradle is not set
[        ] C/C++: ndk.dir in local.properties is not set
[        ] C/C++: Not considering ANDROID_NDK_HOME because support was removed after deprecation period.
[        ] C/C++: sdkFolder is C:\Users\0ooom\AppData\Local\Android\sdk
[        ] C/C++: android.ndkVersion from module build.gradle is [28.2.13676358]
[        ] C/C++: android.ndkPath from module build.gradle is not set
[        ] C/C++: ndk.dir in local.properties is not set
[        ] C/C++: Not considering ANDROID_NDK_HOME because support was removed after deprecation period.
[        ] C/C++: sdkFolder is C:\Users\0ooom\AppData\Local\Android\sdk
[        ] C/C++: android.ndkVersion from module build.gradle is [28.2.13676358]
[        ] C/C++: android.ndkPath from module build.gradle is not set
[        ] C/C++: ndk.dir in local.properties is not set
[        ] C/C++: Not considering ANDROID_NDK_HOME because support was removed after deprecation period.
[        ] C/C++: sdkFolder is C:\Users\0ooom\AppData\Local\Android\sdk
[        ] C/C++: android.ndkVersion from module build.gradle is [28.2.13676358]
[        ] C/C++: android.ndkPath from module build.gradle is not set
[        ] C/C++: ndk.dir in local.properties is not set
[        ] C/C++: Not considering ANDROID_NDK_HOME because support was removed after deprecation period.
[        ] C/C++: sdkFolder is C:\Users\0ooom\AppData\Local\Android\sdk
[        ] C/C++: android.ndkVersion from module build.gradle is [28.2.13676358]
[        ] C/C++: android.ndkPath from module build.gradle is not set
[        ] C/C++: ndk.dir in local.properties is not set
[        ] C/C++: Not considering ANDROID_NDK_HOME because support was removed after deprecation period.
[        ] C/C++: sdkFolder is C:\Users\0ooom\AppData\Local\Android\sdk
[        ] C/C++: android.ndkVersion from module build.gradle is [28.2.13676358]
[        ] C/C++: android.ndkPath from module build.gradle is not set
[        ] C/C++: ndk.dir in local.properties is not set
[        ] C/C++: Not considering ANDROID_NDK_HOME because support was removed after deprecation period.
[        ] C/C++: sdkFolder is C:\Users\0ooom\AppData\Local\Android\sdk
[        ] C/C++: android.ndkVersion from module build.gradle is [28.2.13676358]
[        ] C/C++: android.ndkPath from module build.gradle is not set
[        ] C/C++: ndk.dir in local.properties is not set
[        ] C/C++: Not considering ANDROID_NDK_HOME because support was removed after deprecation period.
[        ] C/C++: sdkFolder is C:\Users\0ooom\AppData\Local\Android\sdk
[        ] C/C++: android.ndkVersion from module build.gradle is [28.2.13676358]
[   +1 ms] C/C++: android.ndkPath from module build.gradle is not set
[        ] C/C++: ndk.dir in local.properties is not set
[        ] C/C++: Not considering ANDROID_NDK_HOME because support was removed after deprecation period.
[        ] C/C++: sdkFolder is C:\Users\0ooom\AppData\Local\Android\sdk
[        ] C/C++: android.ndkVersion from module build.gradle is [28.2.13676358]
[        ] C/C++: android.ndkPath from module build.gradle is not set
[        ] C/C++: ndk.dir in local.properties is not set
[        ] C/C++: Not considering ANDROID_NDK_HOME because support was removed after deprecation period.
[        ] C/C++: sdkFolder is C:\Users\0ooom\AppData\Local\Android\sdk
[        ] C/C++: android.ndkVersion from module build.gradle is [28.2.13676358]
[        ] C/C++: android.ndkPath from module build.gradle is not set
[        ] C/C++: ndk.dir in local.properties is not set
[        ] C/C++: Not considering ANDROID_NDK_HOME because support was removed after deprecation period.
[        ] C/C++: sdkFolder is C:\Users\0ooom\AppData\Local\Android\sdk
[        ] C/C++: android.ndkVersion from module build.gradle is [28.2.13676358]
[        ] C/C++: android.ndkPath from module build.gradle is not set
[        ] C/C++: ndk.dir in local.properties is not set
[        ] C/C++: Not considering ANDROID_NDK_HOME because support was removed after deprecation period.
[        ] C/C++: sdkFolder is C:\Users\0ooom\AppData\Local\Android\sdk
[        ] C/C++: android.ndkVersion from module build.gradle is [28.2.13676358]
[        ] C/C++: android.ndkPath from module build.gradle is not set
[        ] C/C++: ndk.dir in local.properties is not set
[        ] C/C++: Not considering ANDROID_NDK_HOME because support was removed after deprecation period.
[        ] C/C++: sdkFolder is C:\Users\0ooom\AppData\Local\Android\sdk
[        ] > Configure project :
[        ] Evaluating root project 'android' using build file 'C:\Users\0ooom\Desktop\la3bob\android\build.gradle.kts'.
[  +73 ms] > Configure project :app_links
[        ] Evaluating project ':app_links' using build file 'C:\Users\0ooom\AppData\Local\Pub\Cache\hosted\pub.dev\app_links-6.4.1\android\build.gradle'.
[        ] Using default execution profile
[ +188 ms] > Configure project :babstrap_settings_screen
[        ] Evaluating project ':babstrap_settings_screen' using build file 'C:\Users\0ooom\AppData\Local\Pub\Cache\hosted\pub.dev\babstrap_settings_screen-0.1.7\android\build.gradle'.
[        ] Using default execution profile
[        ] Using Kotlin Gradle Plugin gradle85 variant
[ +308 ms] [Incubating] Problems report is available at: file:///C:/Users/0ooom/Desktop/la3bob/android/build/reports/problems/problems-report.html
flutter : [        ] 
FAILURE: Build 
failed with an 
exception.
At line:1 char:1
+ flutter build apk 
--debug -v > 
build_output.txt 2>&1
+ ~~~~~~~~~~~~~~~~~~~
~~~~~~~~~~~~~~~~~~~~~
~~~~~~~~~~~~
    + CategoryInfo   
           : NotSpe  
  cified: ([         
   ] FAIL...h an     
exception.:Strin    
g) [], RemoteExc    
eption
    + FullyQualified 
   ErrorId : Native  
  CommandError
 
[   +3 ms] * What 
went wrong:
[        ] A problem 
occurred configuring 
project ':babstrap_se
ttings_screen'.
[        ] > Could 
not create an 
instance of type com.
android.build.api.var
iant.impl.LibraryVari
antBuilderImpl.
[        ]    > 
Namespace not 
specified. Specify a 
namespace in the 
module's build file: 
C:\Users\0ooom\AppDat
a\Local\Pub\Cache\hos
ted\pub.dev\babstrap_
settings_screen-0.1.7
\android\build.gradle
. See https://d.andro
id.com/r/tools/upgrad
e-assistant/set-names
pace for information 
about setting the 
namespace.
[        ]      If 
you've specified the 
package attribute in 
the source 
AndroidManifest.xml, 
you can use the AGP 
Upgrade Assistant to 
migrate to the 
namespace value in 
the build file. 
Refer to https://d.an
droid.com/r/tools/upg
rade-assistant/agp-up
grade-assistant for 
general information 
about using the AGP 
Upgrade Assistant.
[        ] * Try:
[        ] > Run 
with --debug option 
to get more log 
output.
[        ] > Run 
with --scan to get 
full insights.
[        ] > Get 
more help at https://
help.gradle.org.
[        ] * 
Exception is:
[        ] org.gradle
.api.ProjectConfigura
tionException: A 
problem occurred 
configuring project '
:babstrap_settings_sc
reen'.
[        ] 	at org.gr
adle.configuration.pr
oject.LifecycleProjec
tEvaluator.wrapExcept
ion(LifecycleProjectE
valuator.java:84)
[        ] 	at org.gr
adle.configuration.pr
oject.LifecycleProjec
tEvaluator.addConfigu
rationFailure(Lifecyc
leProjectEvaluator.ja
va:77)
[        ] 	at org.gr
adle.configuration.pr
oject.LifecycleProjec
tEvaluator.access$500
(LifecycleProjectEval
uator.java:55)
[        ] 	at org.gr
adle.configuration.pr
oject.LifecycleProjec
tEvaluator$NotifyAfte
rEvaluate.run(Lifecyc
leProjectEvaluator.ja
va:255)
[        ] 	at org.gr
adle.internal.operati
ons.DefaultBuildOpera
tionRunner$1.execute(
DefaultBuildOperation
Runner.java:29)
[        ] 	at org.gr
adle.internal.operati
ons.DefaultBuildOpera
tionRunner$1.execute(
DefaultBuildOperation
Runner.java:26)
[        ] 	at org.gr
adle.internal.operati
ons.DefaultBuildOpera
tionRunner$2.execute(
DefaultBuildOperation
Runner.java:66)
[        ] 	at org.gr
adle.internal.operati
ons.DefaultBuildOpera
tionRunner$2.execute(
DefaultBuildOperation
Runner.java:59)
[        ] 	at org.gr
adle.internal.operati
ons.DefaultBuildOpera
tionRunner.execute(De
faultBuildOperationRu
nner.java:166)
[        ] 	at org.gr
adle.internal.operati
ons.DefaultBuildOpera
tionRunner.execute(De
faultBuildOperationRu
nner.java:59)
[        ] 	at org.gr
adle.internal.operati
ons.DefaultBuildOpera
tionRunner.run(Defaul
tBuildOperationRunner
.java:47)
[        ] 	at org.gr
adle.configuration.pr
oject.LifecycleProjec
tEvaluator$EvaluatePr
oject.lambda$run$0(Li
fecycleProjectEvaluat
or.java:114)
[        ] 	at org.gr
adle.api.internal.pro
ject.DefaultProjectSt
ateRegistry$ProjectSt
ateImpl.lambda$applyT
oMutableState$1(Defau
ltProjectStateRegistr
y.java:411)
[        ] 	at org.gr
adle.api.internal.pro
ject.DefaultProjectSt
ateRegistry$ProjectSt
ateImpl.lambda$fromMu
tableState$2(DefaultP
rojectStateRegistry.j
ava:434)
[        ] 	at org.gr
adle.internal.work.De
faultWorkerLeaseServi
ce.withReplacedLocks(
DefaultWorkerLeaseSer
vice.java:359)
[        ] 	at org.gr
adle.api.internal.pro
ject.DefaultProjectSt
ateRegistry$ProjectSt
ateImpl.fromMutableSt
ate(DefaultProjectSta
teRegistry.java:434)
[        ] 	at org.gr
adle.api.internal.pro
ject.DefaultProjectSt
ateRegistry$ProjectSt
ateImpl.applyToMutabl
eState(DefaultProject
StateRegistry.java:41
0)
[        ] 	at org.gr
adle.configuration.pr
oject.LifecycleProjec
tEvaluator$EvaluatePr
oject.run(LifecyclePr
ojectEvaluator.java:1
00)
[        ] 	at org.gr
adle.internal.operati
ons.DefaultBuildOpera
tionRunner$1.execute(
DefaultBuildOperation
Runner.java:29)
[        ] 	at org.gr
adle.internal.operati
ons.DefaultBuildOpera
tionRunner$1.execute(
DefaultBuildOperation
Runner.java:26)
[        ] 	at org.gr
adle.internal.operati
ons.DefaultBuildOpera
tionRunner$2.execute(
DefaultBuildOperation
Runner.java:66)
[        ] 	at org.gr
adle.internal.operati
ons.DefaultBuildOpera
tionRunner$2.execute(
DefaultBuildOperation
Runner.java:59)
[        ] 	at org.gr
adle.internal.operati
ons.DefaultBuildOpera
tionRunner.execute(De
faultBuildOperationRu
nner.java:166)
[        ] 	at org.gr
adle.internal.operati
ons.DefaultBuildOpera
tionRunner.execute(De
faultBuildOperationRu
nner.java:59)
[        ] 	at org.gr
adle.internal.operati
ons.DefaultBuildOpera
tionRunner.run(Defaul
tBuildOperationRunner
.java:47)
[        ] 	at org.gr
adle.configuration.pr
oject.LifecycleProjec
tEvaluator.evaluate(L
ifecycleProjectEvalua
tor.java:72)
[        ] 	at org.gr
adle.api.internal.pro
ject.DefaultProject.e
valuateUnchecked(Defa
ultProject.java:828)
[        ] 	at org.gr
adle.api.internal.pro
ject.ProjectLifecycle
Controller.lambda$ens
ureSelfConfigured$2(P
rojectLifecycleContro
ller.java:85)
[        ] 	at org.gr
adle.internal.model.S
tateTransitionControl
ler.lambda$doTransiti
on$14(StateTransition
Controller.java:255)
[        ] 	at org.gr
adle.internal.model.S
tateTransitionControl
ler.doTransition(Stat
eTransitionController
.java:266)
[        ] 	at org.gr
adle.internal.model.S
tateTransitionControl
ler.doTransition(Stat
eTransitionController
.java:254)
[        ] 	at org.gr
adle.internal.model.S
tateTransitionControl
ler.lambda$maybeTrans
itionIfNotCurrentlyTr
ansitioning$10(StateT
ransitionController.j
ava:199)
[        ] 	at org.gr
adle.internal.work.De
faultSynchronizer.wit
hLock(DefaultSynchron
izer.java:36)
[        ] 	at org.gr
adle.internal.model.S
tateTransitionControl
ler.maybeTransitionIf
NotCurrentlyTransitio
ning(StateTransitionC
ontroller.java:195)
[        ] 	at org.gr
adle.api.internal.pro
ject.ProjectLifecycle
Controller.ensureSelf
Configured(ProjectLif
ecycleController.java
:85)
[        ] 	at org.gr
adle.api.internal.pro
ject.DefaultProjectSt
ateRegistry$ProjectSt
ateImpl.ensureConfigu
red(DefaultProjectSta
teRegistry.java:385)
[        ] 	at org.gr
adle.execution.TaskPa
thProjectEvaluator.co
nfigure(TaskPathProje
ctEvaluator.java:42)
[        ] 	at org.gr
adle.execution.TaskPa
thProjectEvaluator.co
nfigureHierarchy(Task
PathProjectEvaluator.
java:58)
[        ] 	at org.gr
adle.configuration.De
faultProjectsPreparer
.prepareProjects(Defa
ultProjectsPreparer.j
ava:50)
[        ] 	at org.gr
adle.configuration.Bu
ildTreePreparingProje
ctsPreparer.preparePr
ojects(BuildTreePrepa
ringProjectsPreparer.
java:65)
[        ] 	at org.gr
adle.configuration.Bu
ildOperationFiringPro
jectsPreparer$Configu
reBuild.run(BuildOper
ationFiringProjectsPr
eparer.java:52)
[        ] 	at org.gr
adle.internal.operati
ons.DefaultBuildOpera
tionRunner$1.execute(
DefaultBuildOperation
Runner.java:29)
[        ] 	at org.gr
adle.internal.operati
ons.DefaultBuildOpera
tionRunner$1.execute(
DefaultBuildOperation
Runner.java:26)
[        ] 	at org.gr
adle.internal.operati
ons.DefaultBuildOpera
tionRunner$2.execute(
DefaultBuildOperation
Runner.java:66)
[        ] 	at org.gr
adle.internal.operati
ons.DefaultBuildOpera
tionRunner$2.execute(
DefaultBuildOperation
Runner.java:59)
[        ] 	at org.gr
adle.internal.operati
ons.DefaultBuildOpera
tionRunner.execute(De
faultBuildOperationRu
nner.java:166)
[        ] 	at org.gr
adle.internal.operati
ons.DefaultBuildOpera
tionRunner.execute(De
faultBuildOperationRu
nner.java:59)
[        ] 	at org.gr
adle.internal.operati
ons.DefaultBuildOpera
tionRunner.run(Defaul
tBuildOperationRunner
.java:47)
[        ] 	at org.gr
adle.configuration.Bu
ildOperationFiringPro
jectsPreparer.prepare
Projects(BuildOperati
onFiringProjectsPrepa
rer.java:40)
[        ] 	at org.gr
adle.initialization.V
intageBuildModelContr
oller.lambda$prepareP
rojects$2(VintageBuil
dModelController.java
:84)
[        ] 	at org.gr
adle.internal.model.S
tateTransitionControl
ler.lambda$doTransiti
on$14(StateTransition
Controller.java:255)
[        ] 	at org.gr
adle.internal.model.S
tateTransitionControl
ler.doTransition(Stat
eTransitionController
.java:266)
[        ] 	at org.gr
adle.internal.model.S
tateTransitionControl
ler.doTransition(Stat
eTransitionController
.java:254)
[        ] 	at org.gr
adle.internal.model.S
tateTransitionControl
ler.lambda$transition
IfNotPreviously$11(St
ateTransitionControll
er.java:213)
[        ] 	at org.gr
adle.internal.work.De
faultSynchronizer.wit
hLock(DefaultSynchron
izer.java:36)
[        ] 	at org.gr
adle.internal.model.S
tateTransitionControl
ler.transitionIfNotPr
eviously(StateTransit
ionController.java:20
9)
[        ] 	at org.gr
adle.initialization.V
intageBuildModelContr
oller.prepareProjects
(VintageBuildModelCon
troller.java:84)
[        ] 	at org.gr
adle.initialization.V
intageBuildModelContr
oller.prepareToSchedu
leTasks(VintageBuildM
odelController.java:7
1)
[        ] 	at org.gr
adle.internal.build.D
efaultBuildLifecycleC
ontroller.lambda$prep
areToScheduleTasks$6(
DefaultBuildLifecycle
Controller.java:175)
[        ] 	at org.gr
adle.internal.model.S
tateTransitionControl
ler.lambda$doTransiti
on$14(StateTransition
Controller.java:255)
[        ] 	at org.gr
adle.internal.model.S
tateTransitionControl
ler.doTransition(Stat
eTransitionController
.java:266)
[        ] 	at org.gr
adle.internal.model.S
tateTransitionControl
ler.doTransition(Stat
eTransitionController
.java:254)
[        ] 	at org.gr
adle.internal.model.S
tateTransitionControl
ler.lambda$maybeTrans
ition$9(StateTransiti
onController.java:190
)
[        ] 	at org.gr
adle.internal.work.De
faultSynchronizer.wit
hLock(DefaultSynchron
izer.java:36)
[        ] 	at org.gr
adle.internal.model.S
tateTransitionControl
ler.maybeTransition(S
tateTransitionControl
ler.java:186)
[        ] 	at org.gr
adle.internal.build.D
efaultBuildLifecycleC
ontroller.prepareToSc
heduleTasks(DefaultBu
ildLifecycleControlle
r.java:173)
[        ] 	at org.gr
adle.internal.buildtr
ee.DefaultBuildTreeWo
rkPreparer.scheduleRe
questedTasks(DefaultB
uildTreeWorkPreparer.
java:36)
[        ] 	at org.gr
adle.internal.cc.impl
.VintageBuildTreeWork
Controller$scheduleAn
dRunRequestedTasks$1.
apply(VintageBuildTre
eWorkController.kt:36
)
[        ] 	at org.gr
adle.internal.cc.impl
.VintageBuildTreeWork
Controller$scheduleAn
dRunRequestedTasks$1.
apply(VintageBuildTre
eWorkController.kt:35
)
[        ] 	at org.gr
adle.composite.intern
al.DefaultIncludedBui
ldTaskGraph.withNewWo
rkGraph(DefaultInclud
edBuildTaskGraph.java
:112)
[        ] 	at org.gr
adle.internal.cc.impl
.VintageBuildTreeWork
Controller.scheduleAn
dRunRequestedTasks(Vi
ntageBuildTreeWorkCon
troller.kt:35)
[        ] 	at org.gr
adle.internal.buildtr
ee.DefaultBuildTreeLi
fecycleController.lam
bda$scheduleAndRunTas
ks$1(DefaultBuildTree
LifecycleController.j
ava:77)
[        ] 	at org.gr
adle.internal.buildtr
ee.DefaultBuildTreeLi
fecycleController.lam
bda$runBuild$4(Defaul
tBuildTreeLifecycleCo
ntroller.java:120)
[        ] 	at org.gr
adle.internal.model.S
tateTransitionControl
ler.lambda$transition
$6(StateTransitionCon
troller.java:169)
[        ] 	at org.gr
adle.internal.model.S
tateTransitionControl
ler.doTransition(Stat
eTransitionController
.java:266)
[        ] 	at org.gr
adle.internal.model.S
tateTransitionControl
ler.lambda$transition
$7(StateTransitionCon
troller.java:169)
[        ] 	at org.gr
adle.internal.work.De
faultSynchronizer.wit
hLock(DefaultSynchron
izer.java:46)
[        ] 	at org.gr
adle.internal.model.S
tateTransitionControl
ler.transition(StateT
ransitionController.j
ava:169)
[        ] 	at org.gr
adle.internal.buildtr
ee.DefaultBuildTreeLi
fecycleController.run
Build(DefaultBuildTre
eLifecycleController.
java:117)
[        ] 	at org.gr
adle.internal.buildtr
ee.DefaultBuildTreeLi
fecycleController.sch
eduleAndRunTasks(Defa
ultBuildTreeLifecycle
Controller.java:77)
[        ] 	at org.gr
adle.internal.buildtr
ee.DefaultBuildTreeLi
fecycleController.sch
eduleAndRunTasks(Defa
ultBuildTreeLifecycle
Controller.java:72)
[        ] 	at org.gr
adle.tooling.internal
.provider.ExecuteBuil
dActionRunner.run(Exe
cuteBuildActionRunner
.java:31)
[        ] 	at org.gr
adle.launcher.exec.Ch
ainingBuildActionRunn
er.run(ChainingBuildA
ctionRunner.java:35)
[        ] 	at org.gr
adle.internal.buildtr
ee.ProblemReportingBu
ildActionRunner.run(P
roblemReportingBuildA
ctionRunner.java:49)
[        ] 	at org.gr
adle.launcher.exec.Bu
ildOutcomeReportingBu
ildActionRunner.run(B
uildOutcomeReportingB
uildActionRunner.java
:71)
[        ] 	at org.gr
adle.tooling.internal
.provider.FileSystemW
atchingBuildActionRun
ner.run(FileSystemWat
chingBuildActionRunne
r.java:135)
[        ] 	at org.gr
adle.launcher.exec.Bu
ildCompletionNotifyin
gBuildActionRunner.ru
n(BuildCompletionNoti
fyingBuildActionRunne
r.java:41)
[        ] 	at org.gr
adle.launcher.exec.Ro
otBuildLifecycleBuild
ActionExecutor.lambda
$execute$0(RootBuildL
ifecycleBuildActionEx
ecutor.java:54)
[        ] 	at org.gr
adle.composite.intern
al.DefaultRootBuildSt
ate.run(DefaultRootBu
ildState.java:130)
[        ] 	at org.gr
adle.launcher.exec.Ro
otBuildLifecycleBuild
ActionExecutor.execut
e(RootBuildLifecycleB
uildActionExecutor.ja
va:54)
[        ] 	at org.gr
adle.internal.buildtr
ee.InitDeprecationLog
gingActionExecutor.ex
ecute(InitDeprecation
LoggingActionExecutor
.java:62)
[        ] 	at org.gr
adle.internal.buildtr
ee.InitProblems.execu
te(InitProblems.java:
36)
[        ] 	at org.gr
adle.internal.buildtr
ee.DefaultBuildTreeCo
ntext.execute(Default
BuildTreeContext.java
:40)
[        ] 	at org.gr
adle.launcher.exec.Bu
ildTreeLifecycleBuild
ActionExecutor.lambda
$execute$0(BuildTreeL
ifecycleBuildActionEx
ecutor.java:71)
[        ] 	at org.gr
adle.internal.buildtr
ee.BuildTreeState.run
(BuildTreeState.java:
60)
[        ] 	at org.gr
adle.launcher.exec.Bu
ildTreeLifecycleBuild
ActionExecutor.execut
e(BuildTreeLifecycleB
uildActionExecutor.ja
va:71)
[        ] 	at org.gr
adle.launcher.exec.Ru
nAsBuildOperationBuil
dActionExecutor$2.cal
l(RunAsBuildOperation
BuildActionExecutor.j
ava:67)
[        ] 	at org.gr
adle.launcher.exec.Ru
nAsBuildOperationBuil
dActionExecutor$2.cal
l(RunAsBuildOperation
BuildActionExecutor.j
ava:63)
[        ] 	at org.gr
adle.internal.operati
ons.DefaultBuildOpera
tionRunner$CallableBu
ildOperationWorker.ex
ecute(DefaultBuildOpe
rationRunner.java:209
)
[        ] 	at org.gr
adle.internal.operati
ons.DefaultBuildOpera
tionRunner$CallableBu
ildOperationWorker.ex
ecute(DefaultBuildOpe
rationRunner.java:204
)
[        ] 	at org.gr
adle.internal.operati
ons.DefaultBuildOpera
tionRunner$2.execute(
DefaultBuildOperation
Runner.java:66)
[        ] 	at org.gr
adle.internal.operati
ons.DefaultBuildOpera
tionRunner$2.execute(
DefaultBuildOperation
Runner.java:59)
[        ] 	at org.gr
adle.internal.operati
ons.DefaultBuildOpera
tionRunner.execute(De
faultBuildOperationRu
nner.java:166)
[        ] 	at org.gr
adle.internal.operati
ons.DefaultBuildOpera
tionRunner.execute(De
faultBuildOperationRu
nner.java:59)
[        ] 	at org.gr
adle.internal.operati
ons.DefaultBuildOpera
tionRunner.call(Defau
ltBuildOperationRunne
r.java:53)
[        ] 	at org.gr
adle.launcher.exec.Ru
nAsBuildOperationBuil
dActionExecutor.execu
te(RunAsBuildOperatio
nBuildActionExecutor.
java:63)
[        ] 	at org.gr
adle.launcher.exec.Ru
nAsWorkerThreadBuildA
ctionExecutor.lambda$
execute$0(RunAsWorker
ThreadBuildActionExec
utor.java:36)
[        ] 	at org.gr
adle.internal.work.De
faultWorkerLeaseServi
ce.withLocks(DefaultW
orkerLeaseService.jav
a:263)
[        ] 	at org.gr
adle.internal.work.De
faultWorkerLeaseServi
ce.runAsWorkerThread(
DefaultWorkerLeaseSer
vice.java:127)
[        ] 	at org.gr
adle.launcher.exec.Ru
nAsWorkerThreadBuildA
ctionExecutor.execute
(RunAsWorkerThreadBui
ldActionExecutor.java
:36)
[        ] 	at org.gr
adle.tooling.internal
.provider.continuous.
ContinuousBuildAction
Executor.execute(Cont
inuousBuildActionExec
utor.java:110)
[        ] 	at org.gr
adle.tooling.internal
.provider.Subscribabl
eBuildActionExecutor.
execute(SubscribableB
uildActionExecutor.ja
va:64)
[        ] 	at org.gr
adle.internal.session
.DefaultBuildSessionC
ontext.execute(Defaul
tBuildSessionContext.
java:46)
[        ] 	at org.gr
adle.internal.buildpr
ocess.execution.Build
SessionLifecycleBuild
ActionExecutor$Action
Impl.apply(BuildSessi
onLifecycleBuildActio
nExecutor.java:92)
[        ] 	at org.gr
adle.internal.buildpr
ocess.execution.Build
SessionLifecycleBuild
ActionExecutor$Action
Impl.apply(BuildSessi
onLifecycleBuildActio
nExecutor.java:80)
[        ] 	at org.gr
adle.internal.session
.BuildSessionState.ru
n(BuildSessionState.j
ava:71)
[        ] 	at org.gr
adle.internal.buildpr
ocess.execution.Build
SessionLifecycleBuild
ActionExecutor.execut
e(BuildSessionLifecyc
leBuildActionExecutor
.java:62)
[        ] 	at org.gr
adle.internal.buildpr
ocess.execution.Build
SessionLifecycleBuild
ActionExecutor.execut
e(BuildSessionLifecyc
leBuildActionExecutor
.java:41)
[        ] 	at org.gr
adle.internal.buildpr
ocess.execution.Start
ParamsValidatingActio
nExecutor.execute(Sta
rtParamsValidatingAct
ionExecutor.java:64)
[        ] 	at org.gr
adle.internal.buildpr
ocess.execution.Start
ParamsValidatingActio
nExecutor.execute(Sta
rtParamsValidatingAct
ionExecutor.java:32)
[        ] 	at org.gr
adle.internal.buildpr
ocess.execution.Sessi
onFailureReportingAct
ionExecutor.execute(S
essionFailureReportin
gActionExecutor.java:
51)
[        ] 	at org.gr
adle.internal.buildpr
ocess.execution.Sessi
onFailureReportingAct
ionExecutor.execute(S
essionFailureReportin
gActionExecutor.java:
39)
[        ] 	at org.gr
adle.internal.buildpr
ocess.execution.Setup
LoggingActionExecutor
.execute(SetupLogging
ActionExecutor.java:4
7)
[        ] 	at org.gr
adle.internal.buildpr
ocess.execution.Setup
LoggingActionExecutor
.execute(SetupLogging
ActionExecutor.java:3
1)
[        ] 	at org.gr
adle.launcher.daemon.
server.exec.ExecuteBu
ild.doBuild(ExecuteBu
ild.java:70)
[        ] 	at org.gr
adle.launcher.daemon.
server.exec.BuildComm
andOnly.execute(Build
CommandOnly.java:37)
[        ] 	at org.gr
adle.launcher.daemon.
server.api.DaemonComm
andExecution.proceed(
DaemonCommandExecutio
n.java:104)
[        ] 	at org.gr
adle.launcher.daemon.
server.exec.WatchForD
isconnection.execute(
WatchForDisconnection
.java:39)
[        ] 	at org.gr
adle.launcher.daemon.
server.api.DaemonComm
andExecution.proceed(
DaemonCommandExecutio
n.java:104)
[        ] 	at org.gr
adle.launcher.daemon.
server.exec.ResetDepr
ecationLogger.execute
(ResetDeprecationLogg
er.java:29)
[        ] 	at org.gr
adle.launcher.daemon.
server.api.DaemonComm
andExecution.proceed(
DaemonCommandExecutio
n.java:104)
[        ] 	at org.gr
adle.launcher.daemon.
server.exec.RequestSt
opIfSingleUsedDaemon.
execute(RequestStopIf
SingleUsedDaemon.java
:35)
[        ] 	at org.gr
adle.launcher.daemon.
server.api.DaemonComm
andExecution.proceed(
DaemonCommandExecutio
n.java:104)
[        ] 	at org.gr
adle.launcher.daemon.
server.exec.ForwardCl
ientInput.lambda$exec
ute$0(ForwardClientIn
put.java:40)
[        ] 	at org.gr
adle.internal.daemon.
clientinput.ClientInp
utForwarder.forwardIn
put(ClientInputForwar
der.java:80)
[        ] 	at org.gr
adle.launcher.daemon.
server.exec.ForwardCl
ientInput.execute(For
wardClientInput.java:
37)
[        ] 	at org.gr
adle.launcher.daemon.
server.api.DaemonComm
andExecution.proceed(
DaemonCommandExecutio
n.java:104)
[        ] 	at org.gr
adle.launcher.daemon.
server.exec.LogAndChe
ckHealth.execute(LogA
ndCheckHealth.java:64
)
[        ] 	at org.gr
adle.launcher.daemon.
server.api.DaemonComm
andExecution.proceed(
DaemonCommandExecutio
n.java:104)
[        ] 	at org.gr
adle.launcher.daemon.
server.exec.LogToClie
nt.doBuild(LogToClien
t.java:63)
[        ] 	at org.gr
adle.launcher.daemon.
server.exec.BuildComm
andOnly.execute(Build
CommandOnly.java:37)
[        ] 	at org.gr
adle.launcher.daemon.
server.api.DaemonComm
andExecution.proceed(
DaemonCommandExecutio
n.java:104)
[        ] 	at org.gr
adle.launcher.daemon.
server.exec.Establish
BuildEnvironment.doBu
ild(EstablishBuildEnv
ironment.java:84)
[        ] 	at org.gr
adle.launcher.daemon.
server.exec.BuildComm
andOnly.execute(Build
CommandOnly.java:37)
[        ] 	at org.gr
adle.launcher.daemon.
server.api.DaemonComm
andExecution.proceed(
DaemonCommandExecutio
n.java:104)
[        ] 	at org.gr
adle.launcher.daemon.
server.exec.StartBuil
dOrRespondWithBusy$1.
run(StartBuildOrRespo
ndWithBusy.java:52)
[        ] 	at org.gr
adle.launcher.daemon.
server.DaemonStateCoo
rdinator.lambda$runCo
mmand$0(DaemonStateCo
ordinator.java:321)
[        ] 	at org.gr
adle.internal.concurr
ent.ExecutorPolicy$Ca
tchAndRecordFailures.
onExecute(ExecutorPol
icy.java:64)
[        ] 	at org.gr
adle.internal.concurr
ent.AbstractManagedEx
ecutor$1.run(Abstract
ManagedExecutor.java:
48)
[        ] 	at java.b
ase/java.util.concurr
ent.ThreadPoolExecuto
r.runWorker(ThreadPoo
lExecutor.java:1136)
[        ] 	at java.b
ase/java.util.concurr
ent.ThreadPoolExecuto
r$Worker.run(ThreadPo
olExecutor.java:635)
[        ] 	at java.b
ase/java.lang.Thread.
run(Thread.java:833)
[        ] Caused 
by: org.gradle.api.re
flect.ObjectInstantia
tionException: Could 
not create an 
instance of type com.
android.build.api.var
iant.impl.LibraryVari
antBuilderImpl.
[ +827 ms] 	at org.gr
adle.internal.instant
iation.generator.Depe
ndencyInjectingInstan
tiator.doCreate(Depen
dencyInjectingInstant
iator.java:67)
[        ] 	at org.gr
adle.internal.instant
iation.generator.Depe
ndencyInjectingInstan
tiator.newInstance(De
pendencyInjectingInst
antiator.java:53)
[        ] 	at org.gr
adle.api.internal.mod
el.DefaultObjectFacto
ry.newInstance(Defaul
tObjectFactory.java:9
2)
[        ] 	at com.an
droid.build.gradle.in
ternal.services.BaseS
ervicesImpl.newInstan
ce(BaseServicesImpl.k
t:36)
[        ] 	at com.an
droid.build.gradle.in
ternal.variant.Librar
yVariantFactory.creat
eVariantBuilder(Libra
ryVariantFactory.kt:7
0)
[        ] 	at com.an
droid.build.gradle.in
ternal.variant.Librar
yVariantFactory.creat
eVariantBuilder(Libra
ryVariantFactory.kt:5
8)
[        ] 	at com.an
droid.build.gradle.in
ternal.VariantManager
.createVariant(Varian
tManager.kt:302)
[        ] 	at com.an
droid.build.gradle.in
ternal.VariantManager
.createVariantsFromCo
mbination(VariantMana
ger.kt:846)
[        ] 	at com.an
droid.build.gradle.in
ternal.VariantManager
.computeVariants(Vari
antManager.kt:228)
[        ] 	at com.an
droid.build.gradle.in
ternal.VariantManager
.createVariants(Varia
ntManager.kt:189)
[        ] 	at com.an
droid.build.gradle.in
ternal.plugins.BasePl
ugin.createAndroidTas
ks(BasePlugin.kt:721)
[        ] 	at com.an
droid.build.gradle.in
ternal.plugins.BasePl
ugin$createTasks$2$1.
call(BasePlugin.kt:59
4)
[        ] 	at com.an
droid.build.gradle.in
ternal.profile.NoOpAn
alyticsConfiguratorSe
rvice.recordBlock(NoO
pAnalyticsConfigurato
rService.kt:57)
[        ] 	at com.an
droid.build.gradle.in
ternal.plugins.BasePl
ugin$createTasks$2.ac
cept(BasePlugin.kt:58
9)
[        ] 	at com.an
droid.build.gradle.in
ternal.plugins.BasePl
ugin$createTasks$2.ac
cept(BasePlugin.kt:58
6)
[        ] 	at com.an
droid.build.gradle.in
ternal.crash.CrashRep
orting$afterEvaluate$
1.execute(crash_repor
ting.kt:37)
[        ] 	at com.an
droid.build.gradle.in
ternal.crash.CrashRep
orting$afterEvaluate$
1.execute(crash_repor
ting.kt:35)
[        ] 	at org.gr
adle.internal.code.De
faultUserCodeApplicat
ionContext$CurrentApp
lication$1.execute(De
faultUserCodeApplicat
ionContext.java:124)
[        ] 	at org.gr
adle.configuration.in
ternal.DefaultListene
rBuildOperationDecora
tor$BuildOperationEmi
ttingAction$1.run(Def
aultListenerBuildOper
ationDecorator.java:1
73)
[        ] 	at org.gr
adle.internal.operati
ons.DefaultBuildOpera
tionRunner$1.execute(
DefaultBuildOperation
Runner.java:29)
[        ] 	at org.gr
adle.internal.operati
ons.DefaultBuildOpera
tionRunner$1.execute(
DefaultBuildOperation
Runner.java:26)
[        ] 	at org.gr
adle.internal.operati
ons.DefaultBuildOpera
tionRunner$2.execute(
DefaultBuildOperation
Runner.java:66)
[        ] 	at org.gr
adle.internal.operati
ons.DefaultBuildOpera
tionRunner$2.execute(
DefaultBuildOperation
Runner.java:59)
[        ] 	at org.gr
adle.internal.operati
ons.DefaultBuildOpera
tionRunner.execute(De
faultBuildOperationRu
nner.java:166)
[        ] 	at org.gr
adle.internal.operati
ons.DefaultBuildOpera
tionRunner.execute(De
faultBuildOperationRu
nner.java:59)
[        ] 	at org.gr
adle.internal.operati
ons.DefaultBuildOpera
tionRunner.run(Defaul
tBuildOperationRunner
.java:47)
[        ] 	at org.gr
adle.configuration.in
ternal.DefaultListene
rBuildOperationDecora
tor$BuildOperationEmi
ttingAction.execute(D
efaultListenerBuildOp
erationDecorator.java
:170)
[        ] 	at org.gr
adle.internal.event.B
roadcastDispatch$Acti
onInvocationHandler.d
ispatch(BroadcastDisp
atch.java:99)
[        ] 	at org.gr
adle.internal.event.B
roadcastDispatch$Acti
onInvocationHandler.d
ispatch(BroadcastDisp
atch.java:87)
[        ] 	at org.gr
adle.internal.event.A
bstractBroadcastDispa
tch.dispatch(Abstract
BroadcastDispatch.jav
a:44)
[        ] 	at org.gr
adle.internal.event.B
roadcastDispatch$Sing
letonDispatch.dispatc
h(BroadcastDispatch.j
ava:268)
[        ] 	at org.gr
adle.internal.event.B
roadcastDispatch$Sing
letonDispatch.dispatc
h(BroadcastDispatch.j
ava:170)
[        ] 	at org.gr
adle.internal.event.A
bstractBroadcastDispa
tch.dispatch(Abstract
BroadcastDispatch.jav
a:84)
[        ] 	at org.gr
adle.internal.event.A
bstractBroadcastDispa
tch.dispatch(Abstract
BroadcastDispatch.jav
a:70)
[   +3 ms] 	at org.gr
adle.internal.event.B
roadcastDispatch$Comp
ositeDispatch.dispatc
h(BroadcastDispatch.j
ava:380)
[        ] 	at org.gr
adle.internal.event.B
roadcastDispatch$Comp
ositeDispatch.dispatc
h(BroadcastDispatch.j
ava:272)
[        ] 	at org.gr
adle.internal.event.L
istenerBroadcast.disp
atch(ListenerBroadcas
t.java:153)
[        ] 	at org.gr
adle.internal.event.L
istenerBroadcast.disp
atch(ListenerBroadcas
t.java:38)
[        ] 	at org.gr
adle.internal.dispatc
h.ProxyDispatchAdapte
r$DispatchingInvocati
onHandler.invoke(Prox
yDispatchAdapter.java
:92)
[        ] 	at jdk.pr
oxy1/jdk.proxy1.$Prox
y66.afterEvaluate(Unk
nown Source)
[        ] 	at org.gr
adle.configuration.pr
oject.LifecycleProjec
tEvaluator$NotifyAfte
rEvaluate$1.execute(L
ifecycleProjectEvalua
tor.java:247)
[        ] 	at org.gr
adle.configuration.pr
oject.LifecycleProjec
tEvaluator$NotifyAfte
rEvaluate$1.execute(L
ifecycleProjectEvalua
tor.java:244)
[        ] 	at org.gr
adle.api.internal.pro
ject.DefaultProject.s
tepEvaluationListener
(DefaultProject.java:
1604)
[        ] 	at org.gr
adle.configuration.pr
oject.LifecycleProjec
tEvaluator$NotifyAfte
rEvaluate.run(Lifecyc
leProjectEvaluator.ja
va:253)
[        ] 	at org.gr
adle.internal.operati
ons.DefaultBuildOpera
tionRunner$1.execute(
DefaultBuildOperation
Runner.java:29)
[        ] 	at org.gr
adle.internal.operati
ons.DefaultBuildOpera
tionRunner$1.execute(
DefaultBuildOperation
Runner.java:26)
[        ] 	at org.gr
adle.internal.operati
ons.DefaultBuildOpera
tionRunner$2.execute(
DefaultBuildOperation
Runner.java:66)
[        ] 	at org.gr
adle.internal.operati
ons.DefaultBuildOpera
tionRunner$2.execute(
DefaultBuildOperation
Runner.java:59)
[        ] 	at org.gr
adle.internal.operati
ons.DefaultBuildOpera
tionRunner.execute(De
faultBuildOperationRu
nner.java:166)
[        ] 	at org.gr
adle.internal.operati
ons.DefaultBuildOpera
tionRunner.execute(De
faultBuildOperationRu
nner.java:59)
[        ] 	at org.gr
adle.internal.operati
ons.DefaultBuildOpera
tionRunner.run(Defaul
tBuildOperationRunner
.java:47)
[        ] 	at org.gr
adle.configuration.pr
oject.LifecycleProjec
tEvaluator$EvaluatePr
oject.lambda$run$0(Li
fecycleProjectEvaluat
or.java:114)
[        ] 	at org.gr
adle.api.internal.pro
ject.DefaultProjectSt
ateRegistry$ProjectSt
ateImpl.lambda$applyT
oMutableState$1(Defau
ltProjectStateRegistr
y.java:411)
[        ] 	at org.gr
adle.api.internal.pro
ject.DefaultProjectSt
ateRegistry$ProjectSt
ateImpl.lambda$fromMu
tableState$2(DefaultP
rojectStateRegistry.j
ava:434)
[        ] 	at org.gr
adle.internal.work.De
faultWorkerLeaseServi
ce.withReplacedLocks(
DefaultWorkerLeaseSer
vice.java:359)
[        ] 	at org.gr
adle.api.internal.pro
ject.DefaultProjectSt
ateRegistry$ProjectSt
ateImpl.fromMutableSt
ate(DefaultProjectSta
teRegistry.java:434)
[        ] 	at org.gr
adle.api.internal.pro
ject.DefaultProjectSt
ateRegistry$ProjectSt
ateImpl.applyToMutabl
eState(DefaultProject
StateRegistry.java:41
0)
[        ] 	at org.gr
adle.configuration.pr
oject.LifecycleProjec
tEvaluator$EvaluatePr
oject.run(LifecyclePr
ojectEvaluator.java:1
00)
[        ] 	at org.gr
adle.internal.operati
ons.DefaultBuildOpera
tionRunner$1.execute(
DefaultBuildOperation
Runner.java:29)
[        ] 	at org.gr
adle.internal.operati
ons.DefaultBuildOpera
tionRunner$1.execute(
DefaultBuildOperation
Runner.java:26)
[        ] 	at org.gr
adle.internal.operati
ons.DefaultBuildOpera
tionRunner$2.execute(
DefaultBuildOperation
Runner.java:66)
[        ] 	at org.gr
adle.internal.operati
ons.DefaultBuildOpera
tionRunner$2.execute(
DefaultBuildOperation
Runner.java:59)
[        ] 	at org.gr
adle.internal.operati
ons.DefaultBuildOpera
tionRunner.execute(De
faultBuildOperationRu
nner.java:166)
[        ] 	at org.gr
adle.internal.operati
ons.DefaultBuildOpera
tionRunner.execute(De
faultBuildOperationRu
nner.java:59)
[        ] 	at org.gr
adle.internal.operati
ons.DefaultBuildOpera
tionRunner.run(Defaul
tBuildOperationRunner
.java:47)
[        ] 	at org.gr
adle.configuration.pr
oject.LifecycleProjec
tEvaluator.evaluate(L
ifecycleProjectEvalua
tor.java:72)
[        ] 	at org.gr
adle.api.internal.pro
ject.DefaultProject.e
valuateUnchecked(Defa
ultProject.java:828)
[        ] 	at org.gr
adle.api.internal.pro
ject.ProjectLifecycle
Controller.lambda$ens
ureSelfConfigured$2(P
rojectLifecycleContro
ller.java:85)
[        ] 	at org.gr
adle.internal.model.S
tateTransitionControl
ler.lambda$doTransiti
on$14(StateTransition
Controller.java:255)
[        ] 	at org.gr
adle.internal.model.S
tateTransitionControl
ler.doTransition(Stat
eTransitionController
.java:266)
[        ] 	at org.gr
adle.internal.model.S
tateTransitionControl
ler.doTransition(Stat
eTransitionController
.java:254)
[        ] 	at org.gr
adle.internal.model.S
tateTransitionControl
ler.lambda$maybeTrans
itionIfNotCurrentlyTr
ansitioning$10(StateT
ransitionController.j
ava:199)
[        ] 	at org.gr
adle.internal.work.De
faultSynchronizer.wit
hLock(DefaultSynchron
izer.java:36)
[        ] 	at org.gr
adle.internal.model.S
tateTransitionControl
ler.maybeTransitionIf
NotCurrentlyTransitio
ning(StateTransitionC
ontroller.java:195)
[        ] 	at org.gr
adle.api.internal.pro
ject.ProjectLifecycle
Controller.ensureSelf
Configured(ProjectLif
ecycleController.java
:85)
[        ] 	at org.gr
adle.api.internal.pro
ject.DefaultProjectSt
ateRegistry$ProjectSt
ateImpl.ensureConfigu
red(DefaultProjectSta
teRegistry.java:385)
[        ] 	at org.gr
adle.execution.TaskPa
thProjectEvaluator.co
nfigure(TaskPathProje
ctEvaluator.java:42)
[        ] 	at org.gr
adle.execution.TaskPa
thProjectEvaluator.co
nfigureHierarchy(Task
PathProjectEvaluator.
java:58)
[        ] 	at org.gr
adle.configuration.De
faultProjectsPreparer
.prepareProjects(Defa
ultProjectsPreparer.j
ava:50)
[        ] 	at org.gr
adle.configuration.Bu
ildTreePreparingProje
ctsPreparer.preparePr
ojects(BuildTreePrepa
ringProjectsPreparer.
java:65)
[        ] 	at org.gr
adle.configuration.Bu
ildOperationFiringPro
jectsPreparer$Configu
reBuild.run(BuildOper
ationFiringProjectsPr
eparer.java:52)
[        ] 	at org.gr
adle.internal.operati
ons.DefaultBuildOpera
tionRunner$1.execute(
DefaultBuildOperation
Runner.java:29)
[        ] 	at org.gr
adle.internal.operati
ons.DefaultBuildOpera
tionRunner$1.execute(
DefaultBuildOperation
Runner.java:26)
[        ] 	at org.gr
adle.internal.operati
ons.DefaultBuildOpera
tionRunner$2.execute(
DefaultBuildOperation
Runner.java:66)
[        ] 	at org.gr
adle.internal.operati
ons.DefaultBuildOpera
tionRunner$2.execute(
DefaultBuildOperation
Runner.java:59)
[        ] 	at org.gr
adle.internal.operati
ons.DefaultBuildOpera
tionRunner.execute(De
faultBuildOperationRu
nner.java:166)
[        ] 	at org.gr
adle.internal.operati
ons.DefaultBuildOpera
tionRunner.execute(De
faultBuildOperationRu
nner.java:59)
[        ] 	at org.gr
adle.internal.operati
ons.DefaultBuildOpera
tionRunner.run(Defaul
tBuildOperationRunner
.java:47)
[        ] 	at org.gr
adle.configuration.Bu
ildOperationFiringPro
jectsPreparer.prepare
Projects(BuildOperati
onFiringProjectsPrepa
rer.java:40)
[        ] 	at org.gr
adle.initialization.V
intageBuildModelContr
oller.lambda$prepareP
rojects$2(VintageBuil
dModelController.java
:84)
[   +3 ms] 	at org.gr
adle.internal.model.S
tateTransitionControl
ler.lambda$doTransiti
on$14(StateTransition
Controller.java:255)
[        ] 	at org.gr
adle.internal.model.S
tateTransitionControl
ler.doTransition(Stat
eTransitionController
.java:266)
[        ] 	at org.gr
adle.internal.model.S
tateTransitionControl
ler.doTransition(Stat
eTransitionController
.java:254)
[        ] 	at org.gr
adle.internal.model.S
tateTransitionControl
ler.lambda$transition
IfNotPreviously$11(St
ateTransitionControll
er.java:213)
[        ] 	at org.gr
adle.internal.work.De
faultSynchronizer.wit
hLock(DefaultSynchron
izer.java:36)
[        ] 	at org.gr
adle.internal.model.S
tateTransitionControl
ler.transitionIfNotPr
eviously(StateTransit
ionController.java:20
9)
[        ] 	at org.gr
adle.initialization.V
intageBuildModelContr
oller.prepareProjects
(VintageBuildModelCon
troller.java:84)
[        ] 	at org.gr
adle.initialization.V
intageBuildModelContr
oller.prepareToSchedu
leTasks(VintageBuildM
odelController.java:7
1)
[        ] 	at org.gr
adle.internal.build.D
efaultBuildLifecycleC
ontroller.lambda$prep
areToScheduleTasks$6(
DefaultBuildLifecycle
Controller.java:175)
[        ] 	at org.gr
adle.internal.model.S
tateTransitionControl
ler.lambda$doTransiti
on$14(StateTransition
Controller.java:255)
[        ] 	at org.gr
adle.internal.model.S
tateTransitionControl
ler.doTransition(Stat
eTransitionController
.java:266)
[        ] 	at org.gr
adle.internal.model.S
tateTransitionControl
ler.doTransition(Stat
eTransitionController
.java:254)
[        ] 	at org.gr
adle.internal.model.S
tateTransitionControl
ler.lambda$maybeTrans
ition$9(StateTransiti
onController.java:190
)
[        ] 	at org.gr
adle.internal.work.De
faultSynchronizer.wit
hLock(DefaultSynchron
izer.java:36)
[        ] 	at org.gr
adle.internal.model.S
tateTransitionControl
ler.maybeTransition(S
tateTransitionControl
ler.java:186)
[        ] 	at org.gr
adle.internal.build.D
efaultBuildLifecycleC
ontroller.prepareToSc
heduleTasks(DefaultBu
ildLifecycleControlle
r.java:173)
[        ] 	at org.gr
adle.internal.buildtr
ee.DefaultBuildTreeWo
rkPreparer.scheduleRe
questedTasks(DefaultB
uildTreeWorkPreparer.
java:36)
[        ] 	at org.gr
adle.internal.cc.impl
.VintageBuildTreeWork
Controller$scheduleAn
dRunRequestedTasks$1.
apply(VintageBuildTre
eWorkController.kt:36
)
[        ] 	at org.gr
adle.internal.cc.impl
.VintageBuildTreeWork
Controller$scheduleAn
dRunRequestedTasks$1.
apply(VintageBuildTre
eWorkController.kt:35
)
[        ] 	at org.gr
adle.composite.intern
al.DefaultIncludedBui
ldTaskGraph.withNewWo
rkGraph(DefaultInclud
edBuildTaskGraph.java
:112)
[        ] 	at org.gr
adle.internal.cc.impl
.VintageBuildTreeWork
Controller.scheduleAn
dRunRequestedTasks(Vi
ntageBuildTreeWorkCon
troller.kt:35)
[        ] 	at org.gr
adle.internal.buildtr
ee.DefaultBuildTreeLi
fecycleController.lam
bda$scheduleAndRunTas
ks$1(DefaultBuildTree
LifecycleController.j
ava:77)
[        ] 	at org.gr
adle.internal.buildtr
ee.DefaultBuildTreeLi
fecycleController.lam
bda$runBuild$4(Defaul
tBuildTreeLifecycleCo
ntroller.java:120)
[        ] 	at org.gr
adle.internal.model.S
tateTransitionControl
ler.lambda$transition
$6(StateTransitionCon
troller.java:169)
[        ] 	at org.gr
adle.internal.model.S
tateTransitionControl
ler.doTransition(Stat
eTransitionController
.java:266)
[        ] 	at org.gr
adle.internal.model.S
tateTransitionControl
ler.lambda$transition
$7(StateTransitionCon
troller.java:169)
[        ] 	at org.gr
adle.internal.work.De
faultSynchronizer.wit
hLock(DefaultSynchron
izer.java:46)
[        ] 	at org.gr
adle.internal.model.S
tateTransitionControl
ler.transition(StateT
ransitionController.j
ava:169)
[        ] 	at org.gr
adle.internal.buildtr
ee.DefaultBuildTreeLi
fecycleController.run
Build(DefaultBuildTre
eLifecycleController.
java:117)
[        ] 	at org.gr
adle.internal.buildtr
ee.DefaultBuildTreeLi
fecycleController.sch
eduleAndRunTasks(Defa
ultBuildTreeLifecycle
Controller.java:77)
[        ] 	at org.gr
adle.internal.buildtr
ee.DefaultBuildTreeLi
fecycleController.sch
eduleAndRunTasks(Defa
ultBuildTreeLifecycle
Controller.java:72)
[        ] 	at org.gr
adle.tooling.internal
.provider.ExecuteBuil
dActionRunner.run(Exe
cuteBuildActionRunner
.java:31)
[        ] 	at org.gr
adle.launcher.exec.Ch
ainingBuildActionRunn
er.run(ChainingBuildA
ctionRunner.java:35)
[        ] 	at org.gr
adle.internal.buildtr
ee.ProblemReportingBu
ildActionRunner.run(P
roblemReportingBuildA
ctionRunner.java:49)
[        ] 	at org.gr
adle.launcher.exec.Bu
ildOutcomeReportingBu
ildActionRunner.run(B
uildOutcomeReportingB
uildActionRunner.java
:71)
[        ] 	at org.gr
adle.tooling.internal
.provider.FileSystemW
atchingBuildActionRun
ner.run(FileSystemWat
chingBuildActionRunne
r.java:135)
[        ] 	at org.gr
adle.launcher.exec.Bu
ildCompletionNotifyin
gBuildActionRunner.ru
n(BuildCompletionNoti
fyingBuildActionRunne
r.java:41)
[        ] 	at org.gr
adle.launcher.exec.Ro
otBuildLifecycleBuild
ActionExecutor.lambda
$execute$0(RootBuildL
ifecycleBuildActionEx
ecutor.java:54)
[        ] 	at org.gr
adle.composite.intern
al.DefaultRootBuildSt
ate.run(DefaultRootBu
ildState.java:130)
[        ] 	at org.gr
adle.launcher.exec.Ro
otBuildLifecycleBuild
ActionExecutor.execut
e(RootBuildLifecycleB
uildActionExecutor.ja
va:54)
[        ] 	at org.gr
adle.internal.buildtr
ee.InitDeprecationLog
gingActionExecutor.ex
ecute(InitDeprecation
LoggingActionExecutor
.java:62)
[        ] 	at org.gr
adle.internal.buildtr
ee.InitProblems.execu
te(InitProblems.java:
36)
[        ] 	at org.gr
adle.internal.buildtr
ee.DefaultBuildTreeCo
ntext.execute(Default
BuildTreeContext.java
:40)
[        ] 	at org.gr
adle.launcher.exec.Bu
ildTreeLifecycleBuild
ActionExecutor.lambda
$execute$0(BuildTreeL
ifecycleBuildActionEx
ecutor.java:71)
[        ] 	at org.gr
adle.internal.buildtr
ee.BuildTreeState.run
(BuildTreeState.java:
60)
[        ] 	at org.gr
adle.launcher.exec.Bu
ildTreeLifecycleBuild
ActionExecutor.execut
e(BuildTreeLifecycleB
uildActionExecutor.ja
va:71)
[        ] 	at org.gr
adle.launcher.exec.Ru
nAsBuildOperationBuil
dActionExecutor$2.cal
l(RunAsBuildOperation
BuildActionExecutor.j
ava:67)
[        ] 	at org.gr
adle.launcher.exec.Ru
nAsBuildOperationBuil
dActionExecutor$2.cal
l(RunAsBuildOperation
BuildActionExecutor.j
ava:63)
[        ] 	at org.gr
adle.internal.operati
ons.DefaultBuildOpera
tionRunner$CallableBu
ildOperationWorker.ex
ecute(DefaultBuildOpe
rationRunner.java:209
)
[        ] 	at org.gr
adle.internal.operati
ons.DefaultBuildOpera
tionRunner$CallableBu
ildOperationWorker.ex
ecute(DefaultBuildOpe
rationRunner.java:204
)
[        ] 	at org.gr
adle.internal.operati
ons.DefaultBuildOpera
tionRunner$2.execute(
DefaultBuildOperation
Runner.java:66)
[        ] 	at org.gr
adle.internal.operati
ons.DefaultBuildOpera
tionRunner$2.execute(
DefaultBuildOperation
Runner.java:59)
[        ] 	at org.gr
adle.internal.operati
ons.DefaultBuildOpera
tionRunner.execute(De
faultBuildOperationRu
nner.java:166)
[        ] 	at org.gr
adle.internal.operati
ons.DefaultBuildOpera
tionRunner.execute(De
faultBuildOperationRu
nner.java:59)
[        ] 	at org.gr
adle.internal.operati
ons.DefaultBuildOpera
tionRunner.call(Defau
ltBuildOperationRunne
r.java:53)
[        ] 	at org.gr
adle.launcher.exec.Ru
nAsBuildOperationBuil
dActionExecutor.execu
te(RunAsBuildOperatio
nBuildActionExecutor.
java:63)
[        ] 	at org.gr
adle.launcher.exec.Ru
nAsWorkerThreadBuildA
ctionExecutor.lambda$
execute$0(RunAsWorker
ThreadBuildActionExec
utor.java:36)
[        ] 	at org.gr
adle.internal.work.De
faultWorkerLeaseServi
ce.withLocks(DefaultW
orkerLeaseService.jav
a:263)
[        ] 	at org.gr
adle.internal.work.De
faultWorkerLeaseServi
ce.runAsWorkerThread(
DefaultWorkerLeaseSer
vice.java:127)
[        ] 	at org.gr
adle.launcher.exec.Ru
nAsWorkerThreadBuildA
ctionExecutor.execute
(RunAsWorkerThreadBui
ldActionExecutor.java
:36)
[        ] 	at org.gr
adle.tooling.internal
.provider.continuous.
ContinuousBuildAction
Executor.execute(Cont
inuousBuildActionExec
utor.java:110)
[        ] 	at org.gr
adle.tooling.internal
.provider.Subscribabl
eBuildActionExecutor.
execute(SubscribableB
uildActionExecutor.ja
va:64)
[        ] 	at org.gr
adle.internal.session
.DefaultBuildSessionC
ontext.execute(Defaul
tBuildSessionContext.
java:46)
[        ] 	at org.gr
adle.internal.buildpr
ocess.execution.Build
SessionLifecycleBuild
ActionExecutor$Action
Impl.apply(BuildSessi
onLifecycleBuildActio
nExecutor.java:92)
[        ] 	at org.gr
adle.internal.buildpr
ocess.execution.Build
SessionLifecycleBuild
ActionExecutor$Action
Impl.apply(BuildSessi
onLifecycleBuildActio
nExecutor.java:80)
[        ] 	at org.gr
adle.internal.session
.BuildSessionState.ru
n(BuildSessionState.j
ava:71)
[        ] 	at org.gr
adle.internal.buildpr
ocess.execution.Build
SessionLifecycleBuild
ActionExecutor.execut
e(BuildSessionLifecyc
leBuildActionExecutor
.java:62)
[        ] 	at org.gr
adle.internal.buildpr
ocess.execution.Build
SessionLifecycleBuild
ActionExecutor.execut
e(BuildSessionLifecyc
leBuildActionExecutor
.java:41)
[        ] 	at org.gr
adle.internal.buildpr
ocess.execution.Start
ParamsValidatingActio
nExecutor.execute(Sta
rtParamsValidatingAct
ionExecutor.java:64)
[   +2 ms] 	at org.gr
adle.internal.buildpr
ocess.execution.Start
ParamsValidatingActio
nExecutor.execute(Sta
rtParamsValidatingAct
ionExecutor.java:32)
[        ] 	at org.gr
adle.internal.buildpr
ocess.execution.Sessi
onFailureReportingAct
ionExecutor.execute(S
essionFailureReportin
gActionExecutor.java:
51)
[        ] 	at org.gr
adle.internal.buildpr
ocess.execution.Sessi
onFailureReportingAct
ionExecutor.execute(S
essionFailureReportin
gActionExecutor.java:
39)
[        ] 	at org.gr
adle.internal.buildpr
ocess.execution.Setup
LoggingActionExecutor
.execute(SetupLogging
ActionExecutor.java:4
7)
[        ] 	at org.gr
adle.internal.buildpr
ocess.execution.Setup
LoggingActionExecutor
.execute(SetupLogging
ActionExecutor.java:3
1)
[        ] 	at org.gr
adle.launcher.daemon.
server.exec.ExecuteBu
ild.doBuild(ExecuteBu
ild.java:70)
[        ] 	at org.gr
adle.launcher.daemon.
server.exec.BuildComm
andOnly.execute(Build
CommandOnly.java:37)
[        ] 	at org.gr
adle.launcher.daemon.
server.api.DaemonComm
andExecution.proceed(
DaemonCommandExecutio
n.java:104)
[        ] 	at org.gr
adle.launcher.daemon.
server.exec.WatchForD
isconnection.execute(
WatchForDisconnection
.java:39)
[        ] 	at org.gr
adle.launcher.daemon.
server.api.DaemonComm
andExecution.proceed(
DaemonCommandExecutio
n.java:104)
[        ] 	at org.gr
adle.launcher.daemon.
server.exec.ResetDepr
ecationLogger.execute
(ResetDeprecationLogg
er.java:29)
[        ] 	at org.gr
adle.launcher.daemon.
server.api.DaemonComm
andExecution.proceed(
DaemonCommandExecutio
n.java:104)
[        ] 	at org.gr
adle.launcher.daemon.
server.exec.RequestSt
opIfSingleUsedDaemon.
execute(RequestStopIf
SingleUsedDaemon.java
:35)
[        ] 	at org.gr
adle.launcher.daemon.
server.api.DaemonComm
andExecution.proceed(
DaemonCommandExecutio
n.java:104)
[        ] 	at org.gr
adle.launcher.daemon.
server.exec.ForwardCl
ientInput.lambda$exec
ute$0(ForwardClientIn
put.java:40)
[        ] 	at org.gr
adle.internal.daemon.
clientinput.ClientInp
utForwarder.forwardIn
put(ClientInputForwar
der.java:80)
[        ] 	at org.gr
adle.launcher.daemon.
server.exec.ForwardCl
ientInput.execute(For
wardClientInput.java:
37)
[        ] 	at org.gr
adle.launcher.daemon.
server.api.DaemonComm
andExecution.proceed(
DaemonCommandExecutio
n.java:104)
[        ] 	at org.gr
adle.launcher.daemon.
server.exec.LogAndChe
ckHealth.execute(LogA
ndCheckHealth.java:64
)
[        ] 	at org.gr
adle.launcher.daemon.
server.api.DaemonComm
andExecution.proceed(
DaemonCommandExecutio
n.java:104)
[        ] 	at org.gr
adle.launcher.daemon.
server.exec.LogToClie
nt.doBuild(LogToClien
t.java:63)
[        ] 	at org.gr
adle.launcher.daemon.
server.exec.BuildComm
andOnly.execute(Build
CommandOnly.java:37)
[        ] 	at org.gr
adle.launcher.daemon.
server.api.DaemonComm
andExecution.proceed(
DaemonCommandExecutio
n.java:104)
[        ] 	at org.gr
adle.launcher.daemon.
server.exec.Establish
BuildEnvironment.doBu
ild(EstablishBuildEnv
ironment.java:84)
[        ] 	at org.gr
adle.launcher.daemon.
server.exec.BuildComm
andOnly.execute(Build
CommandOnly.java:37)
[        ] 	at org.gr
adle.launcher.daemon.
server.api.DaemonComm
andExecution.proceed(
DaemonCommandExecutio
n.java:104)
[        ] 	at org.gr
adle.launcher.daemon.
server.exec.StartBuil
dOrRespondWithBusy$1.
run(StartBuildOrRespo
ndWithBusy.java:52)
[        ] 	at org.gr
adle.launcher.daemon.
server.DaemonStateCoo
rdinator.lambda$runCo
mmand$0(DaemonStateCo
ordinator.java:321)
[        ] 	at org.gr
adle.internal.concurr
ent.ExecutorPolicy$Ca
tchAndRecordFailures.
onExecute(ExecutorPol
icy.java:64)
[        ] 	at org.gr
adle.internal.concurr
ent.AbstractManagedEx
ecutor$1.run(Abstract
ManagedExecutor.java:
48)
[        ] 	at java.b
ase/java.util.concurr
ent.ThreadPoolExecuto
r.runWorker(ThreadPoo
lExecutor.java:1136)
[        ] 	at java.b
ase/java.util.concurr
ent.ThreadPoolExecuto
r$Worker.run(ThreadPo
olExecutor.java:635)
[        ] Deprecated Gradle features were used in this build, making it incompatible with Gradle 9.0.
[        ] You can use '--warning-mode all' to show the individual deprecation warnings and determine if they come from your own scripts or plugins.
[        ] For more on this, please refer to https://docs.gradle.org/8.12/userguide/command_line_interface.html#sec:command_line_warnings in the Gradle documentation.
[        ] 4 actionable tasks: 4 up-to-date
[        ] Watched directory hierarchies: [C:\flutter\packages\flutter_tools\gradle]
[        ] 	at java.b
ase/java.lang.Thread.
run(Thread.java:833)
[        ] Caused 
by: com.android.build
er.errors.EvalIssueEx
ception: Namespace 
not specified. 
Specify a namespace 
in the module's 
build file: C:\Users\
0ooom\AppData\Local\P
ub\Cache\hosted\pub.d
ev\babstrap_settings_
screen-0.1.7\android\
build.gradle. See htt
ps://d.android.com/r/
tools/upgrade-assista
nt/set-namespace for 
information about 
setting the 
namespace.
[   +4 ms] If you've 
specified the 
package attribute in 
the source 
AndroidManifest.xml, 
you can use the AGP 
Upgrade Assistant to 
migrate to the 
namespace value in 
the build file. 
Refer to https://d.an
droid.com/r/tools/upg
rade-assistant/agp-up
grade-assistant for 
general information 
about using the AGP 
Upgrade Assistant.
[        ] 	at com.an
droid.builder.errors.
IssueReporter.reportE
rror(IssueReporter.kt
:118)
[        ] 	at com.an
droid.builder.errors.
IssueReporter.reportE
rror$default(IssueRep
orter.kt:113)
[        ] 	at com.an
droid.build.gradle.in
ternal.core.dsl.impl.
VariantDslInfoImpl.ge
tNamespace(VariantDsl
InfoImpl.kt:92)
[        ] 	at com.an
droid.build.gradle.in
ternal.core.dsl.impl.
VariantDslInfoImpl.in
itApplicationId(Varia
ntDslInfoImpl.kt:131)
[        ] 	at com.an
droid.build.gradle.in
ternal.core.dsl.impl.
VariantDslInfoImpl.ac
cess$initApplicationI
d(VariantDslInfoImpl.
kt:37)
[        ] 	at com.an
droid.build.gradle.in
ternal.core.dsl.impl.
VariantDslInfoImpl$ap
plicationId$2.invoke(
VariantDslInfoImpl.kt
:100)
[        ] 	at com.an
droid.build.gradle.in
ternal.core.dsl.impl.
VariantDslInfoImpl$ap
plicationId$2.invoke(
VariantDslInfoImpl.kt
:97)
[        ] 	at kotlin
.SynchronizedLazyImpl
.getValue(LazyJVM.kt:
74)
[        ] 	at com.an
droid.build.gradle.in
ternal.core.dsl.impl.
VariantDslInfoImpl.ge
tApplicationId(Varian
tDslInfoImpl.kt:97)
[        ] 	at com.an
droid.build.gradle.in
ternal.core.dsl.impl.
ComponentDslInfoImpl$
mergedFlavor$2.invoke
(ComponentDslInfoImpl
.kt:71)
[        ] 	at com.an
droid.build.gradle.in
ternal.core.dsl.impl.
ComponentDslInfoImpl$
mergedFlavor$2.invoke
(ComponentDslInfoImpl
.kt:67)
[        ] 	at kotlin
.SynchronizedLazyImpl
.getValue(LazyJVM.kt:
74)
[        ] 	at com.an
droid.build.gradle.in
ternal.core.dsl.impl.
ComponentDslInfoImpl.
getMergedFlavor(Compo
nentDslInfoImpl.kt:67
)
[        ] 	at com.an
droid.build.gradle.in
ternal.core.dsl.impl.
VariantDslInfoImpl.ge
tMinSdkVersion(Varian
tDslInfoImpl.kt:63)
[        ] 	at com.an
droid.build.api.varia
nt.impl.VariantBuilde
rImpl.<init>(VariantB
uilderImpl.kt:48)
[        ] 	at com.an
droid.build.api.varia
nt.impl.LibraryVarian
tBuilderImpl.<init>(L
ibraryVariantBuilderI
mpl.kt:39)
[        ] 	at com.an
droid.build.api.varia
nt.impl.LibraryVarian
tBuilderImpl_Decorate
d.<init>(Unknown 
Source)
[        ] 	at jdk.in
ternal.reflect.Genera
tedConstructorAccesso
r224.newInstance(Unkn
own Source)
[        ] 	at java.b
ase/jdk.internal.refl
ect.DelegatingConstru
ctorAccessorImpl.newI
nstance(DelegatingCon
structorAccessorImpl.
java:45)
[        ] 	at java.b
ase/java.lang.reflect
.Constructor.newInsta
nceWithCaller(Constru
ctor.java:499)
[        ] 	at java.b
ase/java.lang.reflect
.Constructor.newInsta
nce(Constructor.java:
480)
[        ] 	at org.gr
adle.internal.instant
iation.generator.AsmB
ackedClassGenerator$I
nvokeConstructorStrat
egy.newInstance(AsmBa
ckedClassGenerator.ja
va:2127)
[        ] 	at org.gr
adle.internal.instant
iation.generator.Abst
ractClassGenerator$Ge
neratedClassImpl$Gene
ratedConstructorImpl.
newInstance(AbstractC
lassGenerator.java:54
1)
[        ] 	at org.gr
adle.internal.instant
iation.generator.Depe
ndencyInjectingInstan
tiator.doCreate(Depen
dencyInjectingInstant
iator.java:62)
[        ] 	... 191 
more
[        ] BUILD 
FAILED in 3s
[  +74 ms] Running Gradle task 'assembleDebug'... (completed in 4.7s)
[  +49 ms] "flutter apk" took 6,622ms.
[ +129 ms] Gradle 
task assembleDebug 
failed with exit 
code 1
[   +1 ms] 
           #0      
throwToolExit (packag
e:flutter_tools/src/b
ase/common.dart:34:3)
           #1      An
droidGradleBuilder.bu
ildGradleApp (package
:flutter_tools/src/an
droid/gradle.dart:592
:7)
           
<asynchronous 
suspension>
           #2      An
droidGradleBuilder.bu
ildApk (package:flutt
er_tools/src/android/
gradle.dart:234:5)
           
<asynchronous 
suspension>
           #3      Bu
ildApkCommand.runComm
and (package:flutter_
tools/src/commands/bu
ild_apk.dart:131:5)
           
<asynchronous 
suspension>
           #4      Fl
utterCommand.run.<ano
nymous closure> (pack
age:flutter_tools/src
/runner/flutter_comma
nd.dart:1559:27)
           
<asynchronous 
suspension>
           #5      Ap
pContext.run.<anonymo
us closure> (package:
flutter_tools/src/bas
e/context.dart:154:19
)
           
<asynchronous 
suspension>
           #6      Co
mmandRunner.runComman
d (package:args/comma
nd_runner.dart:212:13
)
           
<asynchronous 
suspension>
           #7      Fl
utterCommandRunner.ru
nCommand.<anonymous 
closure> (package:flu
tter_tools/src/runner
/flutter_command_runn
er.dart:487:9)
           
<asynchronous 
suspension>
           #8      Ap
pContext.run.<anonymo
us closure> (package:
flutter_tools/src/bas
e/context.dart:154:19
)
           
<asynchronous 
suspension>
           #9      Fl
utterCommandRunner.ru
nCommand (package:flu
tter_tools/src/runner
/flutter_command_runn
er.dart:422:5)
           
<asynchronous 
suspension>
           #10     
run.<anonymous 
closure>.<anonymous 
closure> (package:flu
tter_tools/runner.dar
t:104:11)
           
<asynchronous 
suspension>
           #11     Ap
pContext.run.<anonymo
us closure> (package:
flutter_tools/src/bas
e/context.dart:154:19
)
           
<asynchronous 
suspension>
           #12     
main (package:flutter
_tools/executable.dar
t:103:3)
           
<asynchronous 
suspension>


[        ] Running 1 shutdown hook
[   +3 ms] Shutdown hooks complete
[ +207 ms] exiting with code 1
